
*** ChampSim Multicore Out-of-Order Simulator ***

Warmup Instructions: 25000000
Simulation Instructions: 25000000
Number of CPUs: 1
LLC sets: 2048
LLC ways: 16
Off-chip DRAM Size: 4096 MB Channels: 1 Width: 64-bit Data Rate: 6400 MT/s
CPU 0 runs /home/tamanna/Documents/cs683/PA2/cs683-pa2/traces/Trace1-001.gz
.gz
BTB has LRU replacement policy
ITLB has LRU replacement policy
DTLB has LRU replacement policy
STLB has LRU replacement policy
L1I has LRU replacement policy
CPU 0 L1D IP-based stride prefetcher
L1D has LRU replacement policy
L2C has LRU replacement policy
LLC has LRU replacement policy
Heartbeat CPU 0 instructions: 10000002 cycles: 2952903 heartbeat IPC: 3.3865 cumulative IPC: 3.3865 (Simulation time: 0 hr 0 min 16 sec) 
Heartbeat CPU 0 instructions: 20000001 cycles: 5913894 heartbeat IPC: 3.37725 cumulative IPC: 3.38187 (Simulation time: 0 hr 0 min 36 sec) 

Warmup complete CPU 0 instructions: 25000004 cycles: 7348138 (Simulation time: 0 hr 0 min 46 sec) 

Heartbeat CPU 0 instructions: 30000003 cycles: 31219857 heartbeat IPC: 0.395164 cumulative IPC: 0.209453 (Simulation time: 0 hr 1 min 0 sec) 
Heartbeat CPU 0 instructions: 40000002 cycles: 71464945 heartbeat IPC: 0.248478 cumulative IPC: 0.233948 (Simulation time: 0 hr 1 min 32 sec) 
Heartbeat CPU 0 instructions: 50000000 cycles: 114486192 heartbeat IPC: 0.232443 cumulative IPC: 0.233344 (Simulation time: 0 hr 2 min 9 sec) 
Finished CPU 0 instructions: 25000000 cycles: 107138058 cumulative IPC: 0.233344 (Simulation time: 0 hr 2 min 9 sec) 

ChampSim completed all CPUs

Region of Interest Statistics

CPU 0 cumulative IPC: 0.233344 instructions: 25000000 cycles: 107138058
ITLB TOTAL     ACCESS:    3637591  HIT:    3616182  MISS:      21409  HIT %:    99.4115  MISS %:   0.588549   MPKI: 0.85636
ITLB LOAD TRANSLATION ACCESS:    3637591  HIT:    3616182  MISS:      21409  HIT %:    99.4115  MISS %:   0.588549   MPKI: 0.85636
ITLB PREFETCH  REQUESTED:          0  ISSUED:          0  USEFUL:          0  USELESS:          0
ITLB USEFUL LOAD PREFETCHES:          0 PREFETCH ISSUED TO LOWER LEVEL:          0  ACCURACY: -nan
ITLB TIMELY PREFETCHES:          0 LATE PREFETCHES: 0 DROPPED PREFETCHES: 0
ITLB PREFETCHES SAME FILL-ORIGIN LEVEL: 0 DIFFERENT FILL-ORIGIN LEVEL: 0
ITLB AVERAGE MISS LATENCY: 43.6815 cycles
ITLB RQ	ACCESS:    4548859	FORWARD:          0	MERGED:     908128	TO_CACHE:    3640731

DTLB TOTAL     ACCESS:    5925106  HIT:    5732135  MISS:     192971  HIT %:    96.7432  MISS %:    3.25684   MPKI: 7.71884
DTLB LOAD TRANSLATION ACCESS:    5925106  HIT:    5732135  MISS:     192971  HIT %:    96.7432  MISS %:    3.25684   MPKI: 7.71884
DTLB PREFETCH  REQUESTED:          0  ISSUED:          0  USEFUL:          0  USELESS:          0
DTLB USEFUL LOAD PREFETCHES:          0 PREFETCH ISSUED TO LOWER LEVEL:          0  ACCURACY: -nan
DTLB TIMELY PREFETCHES:          0 LATE PREFETCHES: 0 DROPPED PREFETCHES: 0
DTLB PREFETCHES SAME FILL-ORIGIN LEVEL: 0 DIFFERENT FILL-ORIGIN LEVEL: 0
DTLB AVERAGE MISS LATENCY: 79.911 cycles
DTLB RQ	ACCESS:    7327675	FORWARD:          0	MERGED:    1365248	TO_CACHE:    5962427

STLB TOTAL     ACCESS:     261621  HIT:     190244  MISS:      71377  HIT %:    72.7174  MISS %:    27.2826   MPKI: 2.85508
STLB LOAD TRANSLATION ACCESS:     214380  HIT:     143005  MISS:      71375  HIT %:    66.7063  MISS %:    33.2937   MPKI: 2.855
STLB TRANSLATION FROM L1D PREFETCHER ACCESS:      47241  HIT:      47239  MISS:          2  HIT %:    99.9958  MISS %: 0.00423361   MPKI: 8e-05
STLB PREFETCH  REQUESTED:          0  ISSUED:          0  USEFUL:          2  USELESS:          0
STLB USEFUL LOAD PREFETCHES:          2 PREFETCH ISSUED TO LOWER LEVEL:          0  ACCURACY: inf
STLB TIMELY PREFETCHES:          2 LATE PREFETCHES: 0 DROPPED PREFETCHES: 0
STLB PREFETCHES SAME FILL-ORIGIN LEVEL: 0 DIFFERENT FILL-ORIGIN LEVEL: 0
STLB AVERAGE MISS LATENCY: 201.698 cycles
STLB RQ	ACCESS:     357306	FORWARD:          0	MERGED:      95685	TO_CACHE:     261621

STLB Hit, L1D data hit: 0
STLB Hit, L2C data hit: 0
STLB Hit, LLC data hit: 0
STLB Hit, LLC data miss: 0
STLB STLB hints to L2: 0
L1D TOTAL     ACCESS:    7176341  HIT:    6786443  MISS:     389898  HIT %:    94.5669  MISS %:     5.4331   MPKI: 15.5959
L1D LOAD      ACCESS:    4285634  HIT:    4032702  MISS:     252932  HIT %:    94.0981  MISS %:    5.90186   MPKI: 10.1173
L1D RFO       ACCESS:    2762918  HIT:    2651199  MISS:     111719  HIT %:    95.9565  MISS %:    4.04351   MPKI: 4.46876
L1D PREFETCH  ACCESS:     127789  HIT:     102542  MISS:      25247  HIT %:    80.2432  MISS %:    19.7568   MPKI: 1.00988
AGUS PREFETCH L1 MISS: 0
L1D PREFETCH  REQUESTED:     298950  ISSUED:     298848  USEFUL:      16408  USELESS:       8834
L1D USEFUL LOAD PREFETCHES:      16408 PREFETCH ISSUED TO LOWER LEVEL:      30956  ACCURACY: 53.0043
L1D TIMELY PREFETCHES:      16408 LATE PREFETCHES: 2807 DROPPED PREFETCHES: 0
L1D PREFETCHES SAME FILL-ORIGIN LEVEL: 28123 DIFFERENT FILL-ORIGIN LEVEL: 2833
L1D AVERAGE MISS LATENCY: 446738 cycles
L1D RQ	ACCESS:    5845654	FORWARD:          0	MERGED:    1447540	TO_CACHE:    4321088
L1D WQ	ACCESS:    3047624	FORWARD:      77028	MERGED:      41037	TO_CACHE:    3006587
L1D PQ	ACCESS:     155922	FORWARD:          0	MERGED:      12994	TO_CACHE:     142926

L1D UNIQUE REGIONS ACCESSED: 0
L1D REGIONS CONFLICTS: 0
L1D Cross Page Prefetch Requests: 0
L1D Same Page Prefetch Requests: 547067
L1D ROI Sum of L1D PQ occupancy: 1976056
L1D PREFETCHES PUSHED FROM L2C: 0
L1I TOTAL     ACCESS:    4396199  HIT:    4034089  MISS:     362110  HIT %:    91.7631  MISS %:    8.23689   MPKI: 14.4844
L1I LOAD      ACCESS:    4396199  HIT:    4034089  MISS:     362110  HIT %:    91.7631  MISS %:    8.23689   MPKI: 14.4844
L1I PREFETCH  REQUESTED:          0  ISSUED:          0  USEFUL:          0  USELESS:          0
L1I USEFUL LOAD PREFETCHES:          0 PREFETCH ISSUED TO LOWER LEVEL:          0  ACCURACY: -nan
L1I TIMELY PREFETCHES:          0 LATE PREFETCHES: 0 DROPPED PREFETCHES: 0
L1I PREFETCHES SAME FILL-ORIGIN LEVEL: 0 DIFFERENT FILL-ORIGIN LEVEL: 0
L1I AVERAGE MISS LATENCY: 110.32 cycles
L1I RQ	ACCESS:    6252562	FORWARD:          0	MERGED:    1703703	TO_CACHE:    4548859

BTB TOTAL     ACCESS:    2029937  HIT:    1730538  MISS:     299399  HIT %:    85.2508  MISS %:    14.7492   MPKI: 11.976
BTB BRANCH_DIRECT_JUMP	ACCESS:     126163  HIT:     102446  MISS:      23717
BTB BRANCH_INDIRECT	ACCESS:      45810  HIT:      28349  MISS:      17461
BTB BRANCH_CONDITIONAL	ACCESS:    1410836  HIT:    1350768  MISS:      60068
BTB BRANCH_DIRECT_CALL	ACCESS:     192147  HIT:     136830  MISS:      55317
BTB BRANCH_INDIRECT_CALL	ACCESS:      31367  HIT:      17496  MISS:      13871
BTB BRANCH_RETURN	ACCESS:     223607  HIT:      94649  MISS:     128958
BTB BRANCH_OTHER ACCESS:          7  HIT:          0  MISS:          7

L2C TOTAL     ACCESS:    1026624  HIT:     420176  MISS:     606448  HIT %:    40.9279  MISS %:    59.0721   MPKI: 24.2579
L2C LOAD      ACCESS:     612233  HIT:     181610  MISS:     430623  HIT %:    29.6635  MISS %:    70.3365   MPKI: 17.2249
L2C DATA LOAD MPKI: 6.83156
L2C INSTRUCTION LOAD MPKI: 10.3934
L2C RFO       ACCESS:     111649  HIT:      15638  MISS:      96011  HIT %:    14.0064  MISS %:    85.9936   MPKI: 3.84044
L2C PREFETCH  ACCESS:      29491  HIT:       7616  MISS:      21875  HIT %:    25.8248  MISS %:    74.1752   MPKI: 0.875
AGUS PREFETCH L1 MISS: 0
L2C DATA PREFETCH MPKI: 0.875
L2C INSTRUCTION PREFETCH MPKI: 0
L2C WRITEBACK ACCESS:     155641  HIT:     154793  MISS:        848  HIT %:    99.4552  MISS %:   0.544844   MPKI: 0.03392
L2C LOAD TRANSLATION ACCESS:     117604  HIT:      60515  MISS:      57089  HIT %:    51.4566  MISS %:    48.5434   MPKI: 2.28356
L2C TRANSLATION FROM L1D PREFETCHER ACCESS:          6  HIT:          4  MISS:          2  HIT %:    66.6667  MISS %:    33.3333   MPKI: 8e-05
L2C PREFETCH  REQUESTED:          0  ISSUED:          0  USEFUL:       2152  USELESS:      19743
L2C USEFUL LOAD PREFETCHES:       2152 PREFETCH ISSUED TO LOWER LEVEL:      22561  ACCURACY: 9.53858
L2C TIMELY PREFETCHES:       2152 LATE PREFETCHES: 686 DROPPED PREFETCHES: 0
L2C PREFETCHES SAME FILL-ORIGIN LEVEL: 1926 DIFFERENT FILL-ORIGIN LEVEL: 0
L2C AVERAGE MISS LATENCY: 140.973 cycles
L2C RQ	ACCESS:     841495	FORWARD:          0	MERGED:          0	TO_CACHE:     841492
L2C WQ	ACCESS:     155641	FORWARD:          3	MERGED:          0	TO_CACHE:     155641
L2C PQ	ACCESS:      30956	FORWARD:          0	MERGED:          5	TO_CACHE:      30951

L2C Instructions Evicting Data 123002
L2C Translations Evicting Data 27154
L2C Data Evicting Data 138745
L2C Instructions Evicting Instructions 112756
L2C Translations Evicting Instructions 24576
L2C Data Evicting Instructions 122057
L2C Instructions Evicting Translations 24076
L2C Translations Evicting Translations 5361
L2C Data Evicting Translations 27873
L2C Dense regions hint from L2: 0
PSCL5 TOTAL     ACCESS:      71377  HIT:      71377  MISS:          0  HIT %:        100  MISS %:          0   MPKI: 0
PSCL5 LOAD TRANSLATION ACCESS:      71375  HIT:      71375  MISS:          0  HIT %:        100  MISS %:          0   MPKI: 0
PSCL5 TRANSLATION FROM L1D PREFETCHER ACCESS:          2  HIT:          2  MISS:          0  HIT %:        100  MISS %:          0   MPKI: 0
PSCL5 PREFETCH  REQUESTED:          0  ISSUED:          0  USEFUL:          0  USELESS:          0
PSCL5 USEFUL LOAD PREFETCHES:          0 PREFETCH ISSUED TO LOWER LEVEL:          0  ACCURACY: -nan
PSCL5 TIMELY PREFETCHES:          0 LATE PREFETCHES: 0 DROPPED PREFETCHES: 0
PSCL5 PREFETCHES SAME FILL-ORIGIN LEVEL: 0 DIFFERENT FILL-ORIGIN LEVEL: 0

PSCL4 TOTAL     ACCESS:      70202  HIT:      70005  MISS:        197  HIT %:    99.7194  MISS %:   0.280619   MPKI: 0.00788
PSCL4 LOAD TRANSLATION ACCESS:      70200  HIT:      70003  MISS:        197  HIT %:    99.7194  MISS %:   0.280627   MPKI: 0.00788
PSCL4 TRANSLATION FROM L1D PREFETCHER ACCESS:          2  HIT:          2  MISS:          0  HIT %:        100  MISS %:          0   MPKI: 0
PSCL4 PREFETCH  REQUESTED:          0  ISSUED:          0  USEFUL:          0  USELESS:          0
PSCL4 USEFUL LOAD PREFETCHES:          0 PREFETCH ISSUED TO LOWER LEVEL:          0  ACCURACY: -nan
PSCL4 TIMELY PREFETCHES:          0 LATE PREFETCHES: 0 DROPPED PREFETCHES: 0
PSCL4 PREFETCHES SAME FILL-ORIGIN LEVEL: 0 DIFFERENT FILL-ORIGIN LEVEL: 0

PSCL3 TOTAL     ACCESS:      69933  HIT:      65841  MISS:       4092  HIT %:    94.1487  MISS %:    5.85131   MPKI: 0.16368
PSCL3 LOAD TRANSLATION ACCESS:      69933  HIT:      65841  MISS:       4092  HIT %:    94.1487  MISS %:    5.85131   MPKI: 0.16368
PSCL3 PREFETCH  REQUESTED:          0  ISSUED:          0  USEFUL:          0  USELESS:          0
PSCL3 USEFUL LOAD PREFETCHES:          0 PREFETCH ISSUED TO LOWER LEVEL:          0  ACCURACY: -nan
PSCL3 TIMELY PREFETCHES:          0 LATE PREFETCHES: 0 DROPPED PREFETCHES: 0
PSCL3 PREFETCHES SAME FILL-ORIGIN LEVEL: 0 DIFFERENT FILL-ORIGIN LEVEL: 0

PSCL2 TOTAL     ACCESS:      71377  HIT:      29165  MISS:      42212  HIT %:    40.8605  MISS %:    59.1395   MPKI: 1.68848
PSCL2 LOAD TRANSLATION ACCESS:      71377  HIT:      29165  MISS:      42212  HIT %:    40.8605  MISS %:    59.1395   MPKI: 1.68848
PSCL2 PREFETCH  REQUESTED:          0  ISSUED:          0  USEFUL:          0  USELESS:          0
PSCL2 USEFUL LOAD PREFETCHES:          0 PREFETCH ISSUED TO LOWER LEVEL:          0  ACCURACY: -nan
PSCL2 TIMELY PREFETCHES:          0 LATE PREFETCHES: 0 DROPPED PREFETCHES: 0
PSCL2 PREFETCHES SAME FILL-ORIGIN LEVEL: 0 DIFFERENT FILL-ORIGIN LEVEL: 0

LLC TOTAL     ACCESS:     736793  HIT:     299240  MISS:     437553  HIT %:    40.6138  MISS %:    59.3862   MPKI: 17.5021
LLC LOAD      ACCESS:     429935  HIT:     131850  MISS:     298085  HIT %:    30.6674  MISS %:    69.3326   MPKI: 11.9234
LLC RFO       ACCESS:      96011  HIT:       8554  MISS:      87457  HIT %:     8.9094  MISS %:    91.0906   MPKI: 3.49828
LLC PREFETCH  ACCESS:      22561  HIT:       4944  MISS:      17617  HIT %:    21.9139  MISS %:    78.0861   MPKI: 0.70468
AGUS PREFETCH L1 MISS: 0
LLC WRITEBACK ACCESS:     131195  HIT:     131061  MISS:        134  HIT %:    99.8979  MISS %:   0.102138   MPKI: 0.00536
LLC LOAD TRANSLATION ACCESS:      57089  HIT:      22829  MISS:      34260  HIT %:    39.9884  MISS %:    60.0116   MPKI: 1.3704
LLC TRANSLATION FROM L1D PREFETCHER ACCESS:          2  HIT:          2  MISS:          0  HIT %:        100  MISS %:          0   MPKI: 0
LLC PREFETCH  REQUESTED:          0  ISSUED:          0  USEFUL:        604  USELESS:      17230
LLC USEFUL LOAD PREFETCHES:        604 PREFETCH ISSUED TO LOWER LEVEL:      17617  ACCURACY: 3.42851
LLC TIMELY PREFETCHES:        604 LATE PREFETCHES: 0 DROPPED PREFETCHES: 0
LLC PREFETCHES SAME FILL-ORIGIN LEVEL: 0 DIFFERENT FILL-ORIGIN LEVEL: 0
LLC AVERAGE MISS LATENCY: 153.31 cycles
LLC RQ	ACCESS:     583039	FORWARD:          0	MERGED:          0	TO_CACHE:     583037
LLC WQ	ACCESS:     131195	FORWARD:          2	MERGED:          0	TO_CACHE:     131195
LLC PQ	ACCESS:      22561	FORWARD:          0	MERGED:          0	TO_CACHE:      22561

LLC Dense regions hint to LLC: 0

RAW hits: 197247
Loads Generated: 6042902
Loads sent to L1D: 5845654
Stores Generated: 3047659
Stores sent to L1D: 3047660
Major fault: 0 Minor fault: 45579
Allocated PAGES: 45579
CPU 0 L1D PC-based stride prefetcher final stats
Degree: 3

DRAM Statistics
 CHANNEL 0
 RQ ROW_BUFFER_HIT:      97747  ROW_BUFFER_MISS:     339672
 DBUS_CONGESTED:        215
 WQ ROW_BUFFER_HIT:      42540  ROW_BUFFER_MISS:      70745  FULL:          0

 AVG_CONGESTED_CYCLE: 4
 All warmup complete: 2
Channel 0 Bank busy for read cycles: 0
Channel 0 Bank busy for write cycles: 0
Channel 0
Rank 0
0banks busy for read cycles: 48243139
0banks busy for write cycles: 50514
1banks busy for read cycles: 32986325
1banks busy for write cycles: 9725348
2banks busy for read cycles: 6860356
2banks busy for write cycles: 3578988
3banks busy for read cycles: 1255613
3banks busy for write cycles: 1558800
4banks busy for read cycles: 411692
4banks busy for write cycles: 776314
5banks busy for read cycles: 195167
5banks busy for write cycles: 422703
6banks busy for read cycles: 146454
6banks busy for write cycles: 264236
7banks busy for read cycles: 89176
7banks busy for write cycles: 208671
8banks busy for read cycles: 155147
8banks busy for write cycles: 209416

CPU 0 Branch Prediction Accuracy: 91.1975% MPKI: 16.1264 Average ROB Occupancy at Mispredict: 13.8733
Branch types
NOT_BRANCH: 20419575 81.6783%
BRANCH_DIRECT_JUMP: 126163 0.504652%
BRANCH_INDIRECT: 45810 0.18324%
BRANCH_CONDITIONAL: 3960982 15.8439%
BRANCH_DIRECT_CALL: 192147 0.768588%
BRANCH_INDIRECT_CALL: 31367 0.125468%
BRANCH_RETURN: 223607 0.894428%
BRANCH_OTHER: 7 2.8e-05%

DRAM PAGES: 1048576
Allocated PAGES: 45579
