
*** ChampSim Multicore Out-of-Order Simulator ***

Warmup Instructions: 25000000
Simulation Instructions: 25000000
Number of CPUs: 1
LLC sets: 2048
LLC ways: 16
Off-chip DRAM Size: 4096 MB Channels: 1 Width: 64-bit Data Rate: 6400 MT/s
CPU 0 runs /home/tamanna/Documents/cs683/PA2/cs683-pa2/traces/Trace2-002.gz
.gz
BTB has LRU replacement policy
ITLB has LRU replacement policy
DTLB has LRU replacement policy
STLB has LRU replacement policy
L1I has LRU replacement policy
CPU 0 L1D IP-based stride prefetcher
L1D has LRU replacement policy
L2C has LRU replacement policy
LLC has LRU replacement policy
Heartbeat CPU 0 instructions: 10000000 cycles: 2974229 heartbeat IPC: 3.36222 cumulative IPC: 3.36222 (Simulation time: 0 hr 0 min 14 sec) 
Heartbeat CPU 0 instructions: 20000001 cycles: 5829409 heartbeat IPC: 3.50241 cumulative IPC: 3.43088 (Simulation time: 0 hr 0 min 32 sec) 

Warmup complete CPU 0 instructions: 25000002 cycles: 7249093 (Simulation time: 0 hr 0 min 44 sec) 

Heartbeat CPU 0 instructions: 30000000 cycles: 26585156 heartbeat IPC: 0.481794 cumulative IPC: 0.258584 (Simulation time: 0 hr 1 min 1 sec) 
Heartbeat CPU 0 instructions: 40000002 cycles: 61539588 heartbeat IPC: 0.286087 cumulative IPC: 0.276291 (Simulation time: 0 hr 1 min 32 sec) 
Heartbeat CPU 0 instructions: 50000000 cycles: 107042217 heartbeat IPC: 0.219767 cumulative IPC: 0.250518 (Simulation time: 0 hr 2 min 11 sec) 
Finished CPU 0 instructions: 25000001 cycles: 99793125 cumulative IPC: 0.250518 (Simulation time: 0 hr 2 min 11 sec) 

ChampSim completed all CPUs

Region of Interest Statistics

CPU 0 cumulative IPC: 0.250518 instructions: 25000001 cycles: 99793125
ITLB TOTAL     ACCESS:    3953657  HIT:    3881634  MISS:      72023  HIT %:    98.1783  MISS %:    1.82168   MPKI: 2.88092
ITLB LOAD TRANSLATION ACCESS:    3953657  HIT:    3881634  MISS:      72023  HIT %:    98.1783  MISS %:    1.82168   MPKI: 2.88092
ITLB PREFETCH  REQUESTED:          0  ISSUED:          0  USEFUL:          0  USELESS:          0
ITLB USEFUL LOAD PREFETCHES:          0 PREFETCH ISSUED TO LOWER LEVEL:          0  ACCURACY: -nan
ITLB TIMELY PREFETCHES:          0 LATE PREFETCHES: 0 DROPPED PREFETCHES: 0
ITLB PREFETCHES SAME FILL-ORIGIN LEVEL: 0 DIFFERENT FILL-ORIGIN LEVEL: 0
ITLB AVERAGE MISS LATENCY: 24.0866 cycles
ITLB RQ	ACCESS:    4835364	FORWARD:          0	MERGED:     869050	TO_CACHE:    3966314

DTLB TOTAL     ACCESS:    6293576  HIT:    5971596  MISS:     321980  HIT %:     94.884  MISS %:    5.11601   MPKI: 12.8792
DTLB LOAD TRANSLATION ACCESS:    6293576  HIT:    5971596  MISS:     321980  HIT %:     94.884  MISS %:    5.11601   MPKI: 12.8792
DTLB PREFETCH  REQUESTED:          0  ISSUED:          0  USEFUL:          0  USELESS:          0
DTLB USEFUL LOAD PREFETCHES:          0 PREFETCH ISSUED TO LOWER LEVEL:          0  ACCURACY: -nan
DTLB TIMELY PREFETCHES:          0 LATE PREFETCHES: 0 DROPPED PREFETCHES: 0
DTLB PREFETCHES SAME FILL-ORIGIN LEVEL: 0 DIFFERENT FILL-ORIGIN LEVEL: 0
DTLB AVERAGE MISS LATENCY: 41.7653 cycles
DTLB RQ	ACCESS:    7738488	FORWARD:          0	MERGED:    1403916	TO_CACHE:    6334572

STLB TOTAL     ACCESS:     417018  HIT:     348857  MISS:      68161  HIT %:    83.6551  MISS %:    16.3449   MPKI: 2.72644
STLB LOAD TRANSLATION ACCESS:     394003  HIT:     325842  MISS:      68161  HIT %:    82.7004  MISS %:    17.2996   MPKI: 2.72644
STLB TRANSLATION FROM L1D PREFETCHER ACCESS:      23015  HIT:      23015  MISS:          0  HIT %:        100  MISS %:          0   MPKI: 0
STLB PREFETCH  REQUESTED:          0  ISSUED:          0  USEFUL:          0  USELESS:          0
STLB USEFUL LOAD PREFETCHES:          0 PREFETCH ISSUED TO LOWER LEVEL:          0  ACCURACY: -nan
STLB TIMELY PREFETCHES:          0 LATE PREFETCHES: 0 DROPPED PREFETCHES: 0
STLB PREFETCHES SAME FILL-ORIGIN LEVEL: 0 DIFFERENT FILL-ORIGIN LEVEL: 0
STLB AVERAGE MISS LATENCY: 170.021 cycles
STLB RQ	ACCESS:     466939	FORWARD:          0	MERGED:      49921	TO_CACHE:     417018

STLB Hit, L1D data hit: 0
STLB Hit, L2C data hit: 0
STLB Hit, LLC data hit: 0
STLB Hit, LLC data miss: 0
STLB STLB hints to L2: 0
L1D TOTAL     ACCESS:    7486339  HIT:    7010710  MISS:     475629  HIT %:    93.6467  MISS %:    6.35329   MPKI: 19.0252
L1D LOAD      ACCESS:    4314376  HIT:    3978430  MISS:     335946  HIT %:    92.2133  MISS %:    7.78666   MPKI: 13.4378
L1D RFO       ACCESS:    3103492  HIT:    2974484  MISS:     129008  HIT %:    95.8431  MISS %:    4.15687   MPKI: 5.16032
L1D PREFETCH  ACCESS:      68471  HIT:      57796  MISS:      10675  HIT %:    84.4095  MISS %:    15.5905   MPKI: 0.427
AGUS PREFETCH L1 MISS: 0
L1D PREFETCH  REQUESTED:     151652  ISSUED:     151637  USEFUL:       4361  USELESS:       6300
L1D USEFUL LOAD PREFETCHES:       4361 PREFETCH ISSUED TO LOWER LEVEL:      11426  ACCURACY: 38.1673
L1D TIMELY PREFETCHES:       4361 LATE PREFETCHES: 272 DROPPED PREFETCHES: 0
L1D PREFETCHES SAME FILL-ORIGIN LEVEL: 10957 DIFFERENT FILL-ORIGIN LEVEL: 469
L1D AVERAGE MISS LATENCY: 42884.8 cycles
L1D RQ	ACCESS:    5764792	FORWARD:          0	MERGED:    1304060	TO_CACHE:    4355389
L1D WQ	ACCESS:    3430198	FORWARD:     105358	MERGED:      47099	TO_CACHE:    3383099
L1D PQ	ACCESS:      78701	FORWARD:          0	MERGED:       5750	TO_CACHE:      72936

L1D UNIQUE REGIONS ACCESSED: 0
L1D REGIONS CONFLICTS: 0
L1D Cross Page Prefetch Requests: 0
L1D Same Page Prefetch Requests: 149368
L1D ROI Sum of L1D PQ occupancy: 983651
L1D PREFETCHES PUSHED FROM L2C: 0
L1I TOTAL     ACCESS:    4381374  HIT:    3380788  MISS:    1000586  HIT %:    77.1627  MISS %:    22.8373   MPKI: 40.0234
L1I LOAD      ACCESS:    4381374  HIT:    3380788  MISS:    1000586  HIT %:    77.1627  MISS %:    22.8373   MPKI: 40.0234
L1I PREFETCH  REQUESTED:          0  ISSUED:          0  USEFUL:          0  USELESS:          0
L1I USEFUL LOAD PREFETCHES:          0 PREFETCH ISSUED TO LOWER LEVEL:          0  ACCURACY: -nan
L1I TIMELY PREFETCHES:          0 LATE PREFETCHES: 0 DROPPED PREFETCHES: 0
L1I PREFETCHES SAME FILL-ORIGIN LEVEL: 0 DIFFERENT FILL-ORIGIN LEVEL: 0
L1I AVERAGE MISS LATENCY: 40.9776 cycles
L1I RQ	ACCESS:    6616579	FORWARD:          0	MERGED:    1781215	TO_CACHE:    4835364

BTB TOTAL     ACCESS:    2374453  HIT:    1885269  MISS:     489184  HIT %:     79.398  MISS %:     20.602   MPKI: 19.5674
BTB BRANCH_DIRECT_JUMP	ACCESS:     382447  HIT:     266751  MISS:     115696
BTB BRANCH_INDIRECT	ACCESS:      26284  HIT:      15034  MISS:      11250
BTB BRANCH_CONDITIONAL	ACCESS:    1419497  HIT:    1339647  MISS:      79850
BTB BRANCH_DIRECT_CALL	ACCESS:     241009  HIT:     172489  MISS:      68520
BTB BRANCH_INDIRECT_CALL	ACCESS:      31642  HIT:      19335  MISS:      12307
BTB BRANCH_RETURN	ACCESS:     273154  HIT:      71753  MISS:     201401
BTB BRANCH_OTHER ACCESS:        420  HIT:        260  MISS:        160

L2C TOTAL     ACCESS:    1796525  HIT:     932037  MISS:     864488  HIT %:      51.88  MISS %:      48.12   MPKI: 34.5795
L2C LOAD      ACCESS:    1336258  HIT:     628222  MISS:     708036  HIT %:    47.0135  MISS %:    52.9865   MPKI: 28.3214
L2C DATA LOAD MPKI: 8.61364
L2C INSTRUCTION LOAD MPKI: 19.7078
L2C RFO       ACCESS:     128996  HIT:      41355  MISS:      87641  HIT %:    32.0591  MISS %:    67.9409   MPKI: 3.50564
L2C PREFETCH  ACCESS:      11315  HIT:       5509  MISS:       5806  HIT %:    48.6876  MISS %:    51.3124   MPKI: 0.23224
AGUS PREFETCH L1 MISS: 0
L2C DATA PREFETCH MPKI: 0.23224
L2C INSTRUCTION PREFETCH MPKI: 0
L2C WRITEBACK ACCESS:     206457  HIT:     199798  MISS:       6659  HIT %:    96.7746  MISS %:    3.22537   MPKI: 0.26636
L2C LOAD TRANSLATION ACCESS:     113499  HIT:      57153  MISS:      56346  HIT %:    50.3555  MISS %:    49.6445   MPKI: 2.25384
L2C PREFETCH  REQUESTED:          0  ISSUED:          0  USEFUL:        730  USELESS:       5030
L2C USEFUL LOAD PREFETCHES:        730 PREFETCH ISSUED TO LOWER LEVEL:       5831  ACCURACY: 12.5193
L2C TIMELY PREFETCHES:        730 LATE PREFETCHES: 25 DROPPED PREFETCHES: 0
L2C PREFETCHES SAME FILL-ORIGIN LEVEL: 204 DIFFERENT FILL-ORIGIN LEVEL: 0
L2C AVERAGE MISS LATENCY: 87.675 cycles
L2C RQ	ACCESS:    1578757	FORWARD:          0	MERGED:          0	TO_CACHE:    1578753
L2C WQ	ACCESS:     206457	FORWARD:          5	MERGED:          0	TO_CACHE:     206457
L2C PQ	ACCESS:      11426	FORWARD:          0	MERGED:         25	TO_CACHE:      11400

L2C Instructions Evicting Data 151723
L2C Translations Evicting Data 23861
L2C Data Evicting Data 143488
L2C Instructions Evicting Instructions 312589
L2C Translations Evicting Instructions 28010
L2C Data Evicting Instructions 142963
L2C Instructions Evicting Translations 28383
L2C Translations Evicting Translations 4475
L2C Data Evicting Translations 22337
L2C Dense regions hint from L2: 0
PSCL5 TOTAL     ACCESS:      68161  HIT:      68161  MISS:          0  HIT %:        100  MISS %:          0   MPKI: 0
PSCL5 LOAD TRANSLATION ACCESS:      68161  HIT:      68161  MISS:          0  HIT %:        100  MISS %:          0   MPKI: 0
PSCL5 PREFETCH  REQUESTED:          0  ISSUED:          0  USEFUL:          0  USELESS:          0
PSCL5 USEFUL LOAD PREFETCHES:          0 PREFETCH ISSUED TO LOWER LEVEL:          0  ACCURACY: -nan
PSCL5 TIMELY PREFETCHES:          0 LATE PREFETCHES: 0 DROPPED PREFETCHES: 0
PSCL5 PREFETCHES SAME FILL-ORIGIN LEVEL: 0 DIFFERENT FILL-ORIGIN LEVEL: 0

PSCL4 TOTAL     ACCESS:      50840  HIT:      50475  MISS:        365  HIT %:    99.2821  MISS %:   0.717939   MPKI: 0.0146
PSCL4 LOAD TRANSLATION ACCESS:      50840  HIT:      50475  MISS:        365  HIT %:    99.2821  MISS %:   0.717939   MPKI: 0.0146
PSCL4 PREFETCH  REQUESTED:          0  ISSUED:          0  USEFUL:          0  USELESS:          0
PSCL4 USEFUL LOAD PREFETCHES:          0 PREFETCH ISSUED TO LOWER LEVEL:          0  ACCURACY: -nan
PSCL4 TIMELY PREFETCHES:          0 LATE PREFETCHES: 0 DROPPED PREFETCHES: 0
PSCL4 PREFETCHES SAME FILL-ORIGIN LEVEL: 0 DIFFERENT FILL-ORIGIN LEVEL: 0

PSCL3 TOTAL     ACCESS:      67919  HIT:      66547  MISS:       1372  HIT %:    97.9799  MISS %:    2.02005   MPKI: 0.05488
PSCL3 LOAD TRANSLATION ACCESS:      67919  HIT:      66547  MISS:       1372  HIT %:    97.9799  MISS %:    2.02005   MPKI: 0.05488
PSCL3 PREFETCH  REQUESTED:          0  ISSUED:          0  USEFUL:          0  USELESS:          0
PSCL3 USEFUL LOAD PREFETCHES:          0 PREFETCH ISSUED TO LOWER LEVEL:          0  ACCURACY: -nan
PSCL3 TIMELY PREFETCHES:          0 LATE PREFETCHES: 0 DROPPED PREFETCHES: 0
PSCL3 PREFETCHES SAME FILL-ORIGIN LEVEL: 0 DIFFERENT FILL-ORIGIN LEVEL: 0

PSCL2 TOTAL     ACCESS:      68161  HIT:      24211  MISS:      43950  HIT %:    35.5203  MISS %:    64.4797   MPKI: 1.758
PSCL2 LOAD TRANSLATION ACCESS:      68161  HIT:      24211  MISS:      43950  HIT %:    35.5203  MISS %:    64.4797   MPKI: 1.758
PSCL2 PREFETCH  REQUESTED:          0  ISSUED:          0  USEFUL:          0  USELESS:          0
PSCL2 USEFUL LOAD PREFETCHES:          0 PREFETCH ISSUED TO LOWER LEVEL:          0  ACCURACY: -nan
PSCL2 TIMELY PREFETCHES:          0 LATE PREFETCHES: 0 DROPPED PREFETCHES: 0
PSCL2 PREFETCHES SAME FILL-ORIGIN LEVEL: 0 DIFFERENT FILL-ORIGIN LEVEL: 0

LLC TOTAL     ACCESS:    1000395  HIT:     693049  MISS:     307346  HIT %:    69.2775  MISS %:    30.7225   MPKI: 12.2938
LLC LOAD      ACCESS:     708009  HIT:     504369  MISS:     203640  HIT %:    71.2377  MISS %:    28.7623   MPKI: 8.1456
LLC RFO       ACCESS:      87641  HIT:      17642  MISS:      69999  HIT %:    20.1298  MISS %:    79.8702   MPKI: 2.79996
LLC PREFETCH  ACCESS:       5830  HIT:       2236  MISS:       3594  HIT %:    38.3533  MISS %:    61.6467   MPKI: 0.14376
AGUS PREFETCH L1 MISS: 0
LLC WRITEBACK ACCESS:     142569  HIT:     142223  MISS:        346  HIT %:    99.7573  MISS %:    0.24269   MPKI: 0.01384
LLC LOAD TRANSLATION ACCESS:      56346  HIT:      26579  MISS:      29767  HIT %:    47.1711  MISS %:    52.8289   MPKI: 1.19068
LLC PREFETCH  REQUESTED:          0  ISSUED:          0  USEFUL:        203  USELESS:       3163
LLC USEFUL LOAD PREFETCHES:        203 PREFETCH ISSUED TO LOWER LEVEL:       3594  ACCURACY: 5.6483
LLC TIMELY PREFETCHES:        203 LATE PREFETCHES: 0 DROPPED PREFETCHES: 0
LLC PREFETCHES SAME FILL-ORIGIN LEVEL: 0 DIFFERENT FILL-ORIGIN LEVEL: 0
LLC AVERAGE MISS LATENCY: 161.887 cycles
LLC RQ	ACCESS:     851998	FORWARD:          0	MERGED:          0	TO_CACHE:     851996
LLC WQ	ACCESS:     142569	FORWARD:          3	MERGED:          0	TO_CACHE:     142569
LLC PQ	ACCESS:       5831	FORWARD:          0	MERGED:          0	TO_CACHE:       5830

LLC Dense regions hint to LLC: 0

RAW hits: 193281
Loads Generated: 5958075
Loads sent to L1D: 5764792
Stores Generated: 3430196
Stores sent to L1D: 3430198
Major fault: 0 Minor fault: 45010
Allocated PAGES: 45010
CPU 0 L1D PC-based stride prefetcher final stats
Degree: 3

DRAM Statistics
 CHANNEL 0
 RQ ROW_BUFFER_HIT:      41393  ROW_BUFFER_MISS:     265607
 DBUS_CONGESTED:        111
 WQ ROW_BUFFER_HIT:      32817  ROW_BUFFER_MISS:      75424  FULL:          0

 AVG_CONGESTED_CYCLE: 4
 All warmup complete: 2
Channel 0 Bank busy for read cycles: 0
Channel 0 Bank busy for write cycles: 0
Channel 0
Rank 0
0banks busy for read cycles: 54568369
0banks busy for write cycles: 45980
1banks busy for read cycles: 23894395
1banks busy for write cycles: 7989286
2banks busy for read cycles: 5328430
2banks busy for write cycles: 3076824
3banks busy for read cycles: 1305258
3banks busy for write cycles: 1362600
4banks busy for read cycles: 401091
4banks busy for write cycles: 684337
5banks busy for read cycles: 148340
5banks busy for write cycles: 378011
6banks busy for read cycles: 74069
6banks busy for write cycles: 217628
7banks busy for read cycles: 27294
7banks busy for write cycles: 128598
8banks busy for read cycles: 58523
8banks busy for write cycles: 104093

CPU 0 Branch Prediction Accuracy: 96.8224% MPKI: 6.31212 Average ROB Occupancy at Mispredict: 12.4456
Branch types
NOT_BRANCH: 20033560 80.1342%
BRANCH_DIRECT_JUMP: 382447 1.52979%
BRANCH_INDIRECT: 26284 0.105136%
BRANCH_CONDITIONAL: 4011162 16.0446%
BRANCH_DIRECT_CALL: 241009 0.964036%
BRANCH_INDIRECT_CALL: 31642 0.126568%
BRANCH_RETURN: 273154 1.09262%
BRANCH_OTHER: 420 0.00168%

DRAM PAGES: 1048576
Allocated PAGES: 45010
