
*** ChampSim Multicore Out-of-Order Simulator ***

Warmup Instructions: 25000000
Simulation Instructions: 25000000
Number of CPUs: 1
LLC sets: 2048
LLC ways: 16
Off-chip DRAM Size: 4096 MB Channels: 1 Width: 64-bit Data Rate: 6400 MT/s
CPU 0 runs /home/tamanna/Documents/cs683/PA2/cs683-pa2/traces/Trace3-001.gz
.gz
BTB has LRU replacement policy
ITLB has LRU replacement policy
DTLB has LRU replacement policy
STLB has LRU replacement policy
L1I has LRU replacement policy
CPU 0 L1D IP-based stride prefetcher
L1D has LRU replacement policy
L2C has LRU replacement policy
LLC has LRU replacement policy
Heartbeat CPU 0 instructions: 10000000 cycles: 3015994 heartbeat IPC: 3.31566 cumulative IPC: 3.31566 (Simulation time: 0 hr 0 min 16 sec) 
Heartbeat CPU 0 instructions: 20000000 cycles: 6013696 heartbeat IPC: 3.33589 cumulative IPC: 3.32574 (Simulation time: 0 hr 0 min 39 sec) 

Warmup complete CPU 0 instructions: 25000002 cycles: 7507906 (Simulation time: 0 hr 0 min 50 sec) 

Heartbeat CPU 0 instructions: 30000000 cycles: 22077133 heartbeat IPC: 0.622532 cumulative IPC: 0.343189 (Simulation time: 0 hr 1 min 3 sec) 
Heartbeat CPU 0 instructions: 40000003 cycles: 47949670 heartbeat IPC: 0.38651 cumulative IPC: 0.370904 (Simulation time: 0 hr 1 min 36 sec) 
Heartbeat CPU 0 instructions: 50000000 cycles: 72801061 heartbeat IPC: 0.402392 cumulative IPC: 0.382888 (Simulation time: 0 hr 2 min 10 sec) 
Finished CPU 0 instructions: 25000001 cycles: 65293156 cumulative IPC: 0.382889 (Simulation time: 0 hr 2 min 10 sec) 

ChampSim completed all CPUs

Region of Interest Statistics

CPU 0 cumulative IPC: 0.382889 instructions: 25000001 cycles: 65293156
ITLB TOTAL     ACCESS:    3878680  HIT:    3874642  MISS:       4038  HIT %:    99.8959  MISS %:   0.104108   MPKI: 0.16152
ITLB LOAD TRANSLATION ACCESS:    3878680  HIT:    3874642  MISS:       4038  HIT %:    99.8959  MISS %:   0.104108   MPKI: 0.16152
ITLB PREFETCH  REQUESTED:          0  ISSUED:          0  USEFUL:          0  USELESS:          0
ITLB USEFUL LOAD PREFETCHES:          0 PREFETCH ISSUED TO LOWER LEVEL:          0  ACCURACY: -nan
ITLB TIMELY PREFETCHES:          0 LATE PREFETCHES: 0 DROPPED PREFETCHES: 0
ITLB PREFETCHES SAME FILL-ORIGIN LEVEL: 0 DIFFERENT FILL-ORIGIN LEVEL: 0
ITLB AVERAGE MISS LATENCY: 54.7818 cycles
ITLB RQ	ACCESS:    4679490	FORWARD:          0	MERGED:     800161	TO_CACHE:    3879329

DTLB TOTAL     ACCESS:    6759058  HIT:    6676935  MISS:      82123  HIT %:     98.785  MISS %:    1.21501   MPKI: 3.28492
DTLB LOAD TRANSLATION ACCESS:    6759058  HIT:    6676935  MISS:      82123  HIT %:     98.785  MISS %:    1.21501   MPKI: 3.28492
DTLB PREFETCH  REQUESTED:          0  ISSUED:          0  USEFUL:          0  USELESS:          0
DTLB USEFUL LOAD PREFETCHES:          0 PREFETCH ISSUED TO LOWER LEVEL:          0  ACCURACY: -nan
DTLB TIMELY PREFETCHES:          0 LATE PREFETCHES: 0 DROPPED PREFETCHES: 0
DTLB PREFETCHES SAME FILL-ORIGIN LEVEL: 0 DIFFERENT FILL-ORIGIN LEVEL: 0
DTLB AVERAGE MISS LATENCY: 61.1381 cycles
DTLB RQ	ACCESS:    8237191	FORWARD:          0	MERGED:    1447904	TO_CACHE:    6789287

STLB TOTAL     ACCESS:     118769  HIT:      95415  MISS:      23354  HIT %:    80.3366  MISS %:    19.6634   MPKI: 0.93416
STLB LOAD TRANSLATION ACCESS:      86161  HIT:      62807  MISS:      23354  HIT %:    72.8949  MISS %:    27.1051   MPKI: 0.93416
STLB TRANSLATION FROM L1D PREFETCHER ACCESS:      32608  HIT:      32608  MISS:          0  HIT %:        100  MISS %:          0   MPKI: 0
STLB PREFETCH  REQUESTED:          0  ISSUED:          0  USEFUL:          0  USELESS:          0
STLB USEFUL LOAD PREFETCHES:          0 PREFETCH ISSUED TO LOWER LEVEL:          0  ACCURACY: -nan
STLB TIMELY PREFETCHES:          0 LATE PREFETCHES: 0 DROPPED PREFETCHES: 0
STLB PREFETCHES SAME FILL-ORIGIN LEVEL: 0 DIFFERENT FILL-ORIGIN LEVEL: 0
STLB AVERAGE MISS LATENCY: 190.71 cycles
STLB RQ	ACCESS:     183294	FORWARD:          0	MERGED:      64525	TO_CACHE:     118769

STLB Hit, L1D data hit: 0
STLB Hit, L2C data hit: 0
STLB Hit, LLC data hit: 0
STLB Hit, LLC data miss: 0
STLB STLB hints to L2: 0
L1D TOTAL     ACCESS:    8195048  HIT:    8057773  MISS:     137275  HIT %:    98.3249  MISS %:     1.6751   MPKI: 5.491
L1D LOAD      ACCESS:    5093774  HIT:    5010803  MISS:      82971  HIT %:    98.3711  MISS %:    1.62887   MPKI: 3.31884
L1D RFO       ACCESS:    3017585  HIT:    2976574  MISS:      41011  HIT %:    98.6409  MISS %:    1.35907   MPKI: 1.64044
L1D PREFETCH  ACCESS:      83689  HIT:      70396  MISS:      13293  HIT %:    84.1162  MISS %:    15.8838   MPKI: 0.53172
AGUS PREFETCH L1 MISS: 0
L1D PREFETCH  REQUESTED:     200633  ISSUED:     200633  USEFUL:       2713  USELESS:      10595
L1D USEFUL LOAD PREFETCHES:       2713 PREFETCH ISSUED TO LOWER LEVEL:      17007  ACCURACY: 15.9523
L1D TIMELY PREFETCHES:       2713 LATE PREFETCHES: 3067 DROPPED PREFETCHES: 0
L1D PREFETCHES SAME FILL-ORIGIN LEVEL: 16362 DIFFERENT FILL-ORIGIN LEVEL: 645
L1D AVERAGE MISS LATENCY: 577827 cycles
L1D RQ	ACCESS:    7158911	FORWARD:          0	MERGED:    1921754	TO_CACHE:    5108199
L1D WQ	ACCESS:    3226976	FORWARD:     128963	MERGED:      97984	TO_CACHE:    3128992
L1D PQ	ACCESS:     103500	FORWARD:          0	MERGED:       6362	TO_CACHE:      97133

L1D UNIQUE REGIONS ACCESSED: 0
L1D REGIONS CONFLICTS: 0
L1D Cross Page Prefetch Requests: 0
L1D Same Page Prefetch Requests: 363212
L1D ROI Sum of L1D PQ occupancy: 1290695
L1D PREFETCHES PUSHED FROM L2C: 0
L1I TOTAL     ACCESS:    4657860  HIT:    4604730  MISS:      53130  HIT %:    98.8593  MISS %:    1.14065   MPKI: 2.1252
L1I LOAD      ACCESS:    4657860  HIT:    4604730  MISS:      53130  HIT %:    98.8593  MISS %:    1.14065   MPKI: 2.1252
L1I PREFETCH  REQUESTED:          0  ISSUED:          0  USEFUL:          0  USELESS:          0
L1I USEFUL LOAD PREFETCHES:          0 PREFETCH ISSUED TO LOWER LEVEL:          0  ACCURACY: -nan
L1I TIMELY PREFETCHES:          0 LATE PREFETCHES: 0 DROPPED PREFETCHES: 0
L1I PREFETCHES SAME FILL-ORIGIN LEVEL: 0 DIFFERENT FILL-ORIGIN LEVEL: 0
L1I AVERAGE MISS LATENCY: 77.7304 cycles
L1I RQ	ACCESS:    6565956	FORWARD:          0	MERGED:    1886466	TO_CACHE:    4679490

BTB TOTAL     ACCESS:    3429096  HIT:    3275942  MISS:     153154  HIT %:    95.5337  MISS %:    4.46631   MPKI: 6.12616
BTB BRANCH_DIRECT_JUMP	ACCESS:     487279  HIT:     484673  MISS:       2606
BTB BRANCH_INDIRECT	ACCESS:      19539  HIT:       3769  MISS:      15770
BTB BRANCH_CONDITIONAL	ACCESS:    2395393  HIT:    2389650  MISS:       5743
BTB BRANCH_DIRECT_CALL	ACCESS:     107379  HIT:     103734  MISS:       3645
BTB BRANCH_INDIRECT_CALL	ACCESS:     156045  HIT:      76949  MISS:      79096
BTB BRANCH_RETURN	ACCESS:     263460  HIT:     217167  MISS:      46293
BTB BRANCH_OTHER ACCESS:          1  HIT:          0  MISS:          1

L2C TOTAL     ACCESS:     301068  HIT:     136748  MISS:     164320  HIT %:     45.421  MISS %:     54.579   MPKI: 6.5728
L2C LOAD      ACCESS:     133033  HIT:      38681  MISS:      94352  HIT %:    29.0762  MISS %:    70.9238   MPKI: 3.77408
L2C DATA LOAD MPKI: 2.63344
L2C INSTRUCTION LOAD MPKI: 1.14064
L2C RFO       ACCESS:      41009  HIT:       4634  MISS:      36375  HIT %:       11.3  MISS %:       88.7   MPKI: 1.455
L2C PREFETCH  ACCESS:      16828  HIT:       1087  MISS:      15741  HIT %:    6.45947  MISS %:    93.5405   MPKI: 0.62964
AGUS PREFETCH L1 MISS: 0
L2C DATA PREFETCH MPKI: 0.62964
L2C INSTRUCTION PREFETCH MPKI: 0
L2C WRITEBACK ACCESS:      72153  HIT:      71867  MISS:        286  HIT %:    99.6036  MISS %:    0.39638   MPKI: 0.01144
L2C LOAD TRANSLATION ACCESS:      38045  HIT:      20479  MISS:      17566  HIT %:    53.8284  MISS %:    46.1716   MPKI: 0.70264
L2C PREFETCH  REQUESTED:          0  ISSUED:          0  USEFUL:        497  USELESS:      15029
L2C USEFUL LOAD PREFETCHES:        497 PREFETCH ISSUED TO LOWER LEVEL:      15824  ACCURACY: 3.1408
L2C TIMELY PREFETCHES:        497 LATE PREFETCHES: 83 DROPPED PREFETCHES: 0
L2C PREFETCHES SAME FILL-ORIGIN LEVEL: 440 DIFFERENT FILL-ORIGIN LEVEL: 0
L2C AVERAGE MISS LATENCY: 156.834 cycles
L2C RQ	ACCESS:     212088	FORWARD:          0	MERGED:          0	TO_CACHE:     212087
L2C WQ	ACCESS:      72153	FORWARD:          1	MERGED:          0	TO_CACHE:      72153
L2C PQ	ACCESS:      17007	FORWARD:          0	MERGED:          2	TO_CACHE:      17005

L2C Instructions Evicting Data 17178
L2C Translations Evicting Data 12644
L2C Data Evicting Data 84946
L2C Instructions Evicting Instructions 8319
L2C Translations Evicting Instructions 3108
L2C Data Evicting Instructions 19720
L2C Instructions Evicting Translations 3019
L2C Translations Evicting Translations 1814
L2C Data Evicting Translations 13286
L2C Dense regions hint from L2: 0
PSCL5 TOTAL     ACCESS:      23354  HIT:      23354  MISS:          0  HIT %:        100  MISS %:          0   MPKI: 0
PSCL5 LOAD TRANSLATION ACCESS:      23354  HIT:      23354  MISS:          0  HIT %:        100  MISS %:          0   MPKI: 0
PSCL5 PREFETCH  REQUESTED:          0  ISSUED:          0  USEFUL:          0  USELESS:          0
PSCL5 USEFUL LOAD PREFETCHES:          0 PREFETCH ISSUED TO LOWER LEVEL:          0  ACCURACY: -nan
PSCL5 TIMELY PREFETCHES:          0 LATE PREFETCHES: 0 DROPPED PREFETCHES: 0
PSCL5 PREFETCHES SAME FILL-ORIGIN LEVEL: 0 DIFFERENT FILL-ORIGIN LEVEL: 0

PSCL4 TOTAL     ACCESS:      21731  HIT:      21651  MISS:         80  HIT %:    99.6319  MISS %:   0.368138   MPKI: 0.0032
PSCL4 LOAD TRANSLATION ACCESS:      21731  HIT:      21651  MISS:         80  HIT %:    99.6319  MISS %:   0.368138   MPKI: 0.0032
PSCL4 PREFETCH  REQUESTED:          0  ISSUED:          0  USEFUL:          0  USELESS:          0
PSCL4 USEFUL LOAD PREFETCHES:          0 PREFETCH ISSUED TO LOWER LEVEL:          0  ACCURACY: -nan
PSCL4 TIMELY PREFETCHES:          0 LATE PREFETCHES: 0 DROPPED PREFETCHES: 0
PSCL4 PREFETCHES SAME FILL-ORIGIN LEVEL: 0 DIFFERENT FILL-ORIGIN LEVEL: 0

PSCL3 TOTAL     ACCESS:      23143  HIT:      22624  MISS:        519  HIT %:    97.7574  MISS %:    2.24258   MPKI: 0.02076
PSCL3 LOAD TRANSLATION ACCESS:      23143  HIT:      22624  MISS:        519  HIT %:    97.7574  MISS %:    2.24258   MPKI: 0.02076
PSCL3 PREFETCH  REQUESTED:          0  ISSUED:          0  USEFUL:          0  USELESS:          0
PSCL3 USEFUL LOAD PREFETCHES:          0 PREFETCH ISSUED TO LOWER LEVEL:          0  ACCURACY: -nan
PSCL3 TIMELY PREFETCHES:          0 LATE PREFETCHES: 0 DROPPED PREFETCHES: 0
PSCL3 PREFETCHES SAME FILL-ORIGIN LEVEL: 0 DIFFERENT FILL-ORIGIN LEVEL: 0

PSCL2 TOTAL     ACCESS:      23354  HIT:       9183  MISS:      14171  HIT %:    39.3209  MISS %:    60.6791   MPKI: 0.56684
PSCL2 LOAD TRANSLATION ACCESS:      23354  HIT:       9183  MISS:      14171  HIT %:    39.3209  MISS %:    60.6791   MPKI: 0.56684
PSCL2 PREFETCH  REQUESTED:          0  ISSUED:          0  USEFUL:          0  USELESS:          0
PSCL2 USEFUL LOAD PREFETCHES:          0 PREFETCH ISSUED TO LOWER LEVEL:          0  ACCURACY: -nan
PSCL2 TIMELY PREFETCHES:          0 LATE PREFETCHES: 0 DROPPED PREFETCHES: 0
PSCL2 PREFETCHES SAME FILL-ORIGIN LEVEL: 0 DIFFERENT FILL-ORIGIN LEVEL: 0

LLC TOTAL     ACCESS:     228310  HIT:      92593  MISS:     135717  HIT %:    40.5558  MISS %:    59.4442   MPKI: 5.42868
LLC LOAD      ACCESS:      94269  HIT:      20341  MISS:      73928  HIT %:    21.5776  MISS %:    78.4224   MPKI: 2.95712
LLC RFO       ACCESS:      36375  HIT:       1735  MISS:      34640  HIT %:    4.76976  MISS %:    95.2302   MPKI: 1.3856
LLC PREFETCH  ACCESS:      15824  HIT:        396  MISS:      15428  HIT %:    2.50253  MISS %:    97.4975   MPKI: 0.61712
AGUS PREFETCH L1 MISS: 0
LLC WRITEBACK ACCESS:      64276  HIT:      64214  MISS:         62  HIT %:    99.9035  MISS %:   0.096459   MPKI: 0.00248
LLC LOAD TRANSLATION ACCESS:      17566  HIT:       5907  MISS:      11659  HIT %:    33.6275  MISS %:    66.3725   MPKI: 0.46636
LLC PREFETCH  REQUESTED:          0  ISSUED:          0  USEFUL:        298  USELESS:      13227
LLC USEFUL LOAD PREFETCHES:        298 PREFETCH ISSUED TO LOWER LEVEL:      15428  ACCURACY: 1.93155
LLC TIMELY PREFETCHES:        298 LATE PREFETCHES: 0 DROPPED PREFETCHES: 0
LLC PREFETCHES SAME FILL-ORIGIN LEVEL: 0 DIFFERENT FILL-ORIGIN LEVEL: 0
LLC AVERAGE MISS LATENCY: 152.844 cycles
LLC RQ	ACCESS:     148210	FORWARD:          0	MERGED:          0	TO_CACHE:     148210
LLC WQ	ACCESS:      64276	FORWARD:          0	MERGED:          0	TO_CACHE:      64276
LLC PQ	ACCESS:      15824	FORWARD:          0	MERGED:          0	TO_CACHE:      15824

LLC Dense regions hint to LLC: 0

RAW hits: 416209
Loads Generated: 7575120
Loads sent to L1D: 7158911
Stores Generated: 3226960
Stores sent to L1D: 3226976
Major fault: 0 Minor fault: 42448
Allocated PAGES: 42448
CPU 0 L1D PC-based stride prefetcher final stats
Degree: 3

DRAM Statistics
 CHANNEL 0
 RQ ROW_BUFFER_HIT:      32350  ROW_BUFFER_MISS:     103305
 DBUS_CONGESTED:         65
 WQ ROW_BUFFER_HIT:      13422  ROW_BUFFER_MISS:      40199  FULL:          0

 AVG_CONGESTED_CYCLE: 4
 All warmup complete: 2
Channel 0 Bank busy for read cycles: 0
Channel 0 Bank busy for write cycles: 0
Channel 0
Rank 0
0banks busy for read cycles: 49193844
0banks busy for write cycles: 17857
1banks busy for read cycles: 7395601
1banks busy for write cycles: 2835339
2banks busy for read cycles: 1998543
2banks busy for write cycles: 1047214
3banks busy for read cycles: 601462
3banks busy for write cycles: 546805
4banks busy for read cycles: 226895
4banks busy for write cycles: 331024
5banks busy for read cycles: 137820
5banks busy for write cycles: 221268
6banks busy for read cycles: 85586
6banks busy for write cycles: 170472
7banks busy for read cycles: 94780
7banks busy for write cycles: 138918
8banks busy for read cycles: 142873
8banks busy for write cycles: 106856

CPU 0 Branch Prediction Accuracy: 96.6781% MPKI: 7.22532 Average ROB Occupancy at Mispredict: 37.4249
Branch types
NOT_BRANCH: 19561996 78.248%
BRANCH_DIRECT_JUMP: 487279 1.94912%
BRANCH_INDIRECT: 19539 0.078156%
BRANCH_CONDITIONAL: 4403958 17.6158%
BRANCH_DIRECT_CALL: 107379 0.429516%
BRANCH_INDIRECT_CALL: 156045 0.62418%
BRANCH_RETURN: 263460 1.05384%
BRANCH_OTHER: 1 4e-06%

DRAM PAGES: 1048576
Allocated PAGES: 42448
