
*** ChampSim Multicore Out-of-Order Simulator ***

Warmup Instructions: 25000000
Simulation Instructions: 25000000
Number of CPUs: 1
LLC sets: 2048
LLC ways: 16
Off-chip DRAM Size: 4096 MB Channels: 1 Width: 64-bit Data Rate: 6400 MT/s
CPU 0 runs /home/tamanna/Documents/cs683/PA2/cs683-pa2/traces/Trace1-001.gz
.gz
BTB has LRU replacement policy
ITLB has LRU replacement policy
DTLB has LRU replacement policy
STLB has LRU replacement policy
L1I has LRU replacement policy
------------------------------------------------
        Stride Pattern Prefetcher (SPP)         
------------------------------------------------
L1D has LRU replacement policy
L2C has LRU replacement policy
LLC has LRU replacement policy
Heartbeat CPU 0 instructions: 10000002 cycles: 2952818 heartbeat IPC: 3.3866 cumulative IPC: 3.3866 (Simulation time: 0 hr 0 min 16 sec) 
Heartbeat CPU 0 instructions: 20000001 cycles: 5913856 heartbeat IPC: 3.37719 cumulative IPC: 3.38189 (Simulation time: 0 hr 0 min 33 sec) 

Warmup complete CPU 0 instructions: 25000004 cycles: 7348153 (Simulation time: 0 hr 0 min 41 sec) 

Heartbeat CPU 0 instructions: 30000003 cycles: 31241099 heartbeat IPC: 0.394832 cumulative IPC: 0.209267 (Simulation time: 0 hr 0 min 52 sec) 
Heartbeat CPU 0 instructions: 40000002 cycles: 71511272 heartbeat IPC: 0.248323 cumulative IPC: 0.233779 (Simulation time: 0 hr 1 min 15 sec) 
Heartbeat CPU 0 instructions: 50000000 cycles: 114527833 heartbeat IPC: 0.232469 cumulative IPC: 0.233253 (Simulation time: 0 hr 1 min 40 sec) 
Finished CPU 0 instructions: 25000000 cycles: 107179684 cumulative IPC: 0.233253 (Simulation time: 0 hr 1 min 40 sec) 

ChampSim completed all CPUs

Region of Interest Statistics

CPU 0 cumulative IPC: 0.233253 instructions: 25000000 cycles: 107179684
ITLB TOTAL     ACCESS:    3637726  HIT:    3616317  MISS:      21409  HIT %:    99.4115  MISS %:   0.588527   MPKI: 0.85636
ITLB LOAD TRANSLATION ACCESS:    3637726  HIT:    3616317  MISS:      21409  HIT %:    99.4115  MISS %:   0.588527   MPKI: 0.85636
ITLB PREFETCH  REQUESTED:          0  ISSUED:          0  USEFUL:          0  USELESS:          0
ITLB USEFUL LOAD PREFETCHES:          0 PREFETCH ISSUED TO LOWER LEVEL:          0  ACCURACY: -nan
ITLB TIMELY PREFETCHES:          0 LATE PREFETCHES: 0 DROPPED PREFETCHES: 0
ITLB PREFETCHES SAME FILL-ORIGIN LEVEL: 0 DIFFERENT FILL-ORIGIN LEVEL: 0
ITLB AVERAGE MISS LATENCY: 43.6417 cycles
ITLB RQ	ACCESS:    4549018	FORWARD:          0	MERGED:     908150	TO_CACHE:    3640868

DTLB TOTAL     ACCESS:    5924632  HIT:    5731668  MISS:     192964  HIT %:     96.743  MISS %:    3.25698   MPKI: 7.71856
DTLB LOAD TRANSLATION ACCESS:    5924632  HIT:    5731668  MISS:     192964  HIT %:     96.743  MISS %:    3.25698   MPKI: 7.71856
DTLB PREFETCH  REQUESTED:          0  ISSUED:          0  USEFUL:          0  USELESS:          0
DTLB USEFUL LOAD PREFETCHES:          0 PREFETCH ISSUED TO LOWER LEVEL:          0  ACCURACY: -nan
DTLB TIMELY PREFETCHES:          0 LATE PREFETCHES: 0 DROPPED PREFETCHES: 0
DTLB PREFETCHES SAME FILL-ORIGIN LEVEL: 0 DIFFERENT FILL-ORIGIN LEVEL: 0
DTLB AVERAGE MISS LATENCY: 79.8189 cycles
DTLB RQ	ACCESS:    7327399	FORWARD:          0	MERGED:    1365514	TO_CACHE:    5961885

STLB TOTAL     ACCESS:     257903  HIT:     186525  MISS:      71378  HIT %:    72.3237  MISS %:    27.6763   MPKI: 2.85512
STLB LOAD TRANSLATION ACCESS:     214373  HIT:     142995  MISS:      71378  HIT %:    66.7038  MISS %:    33.2962   MPKI: 2.85512
STLB TRANSLATION FROM L1D PREFETCHER ACCESS:      43530  HIT:      43530  MISS:          0  HIT %:        100  MISS %:          0   MPKI: 0
STLB PREFETCH  REQUESTED:          0  ISSUED:          0  USEFUL:          0  USELESS:          0
STLB USEFUL LOAD PREFETCHES:          0 PREFETCH ISSUED TO LOWER LEVEL:          0  ACCURACY: -nan
STLB TIMELY PREFETCHES:          0 LATE PREFETCHES: 0 DROPPED PREFETCHES: 0
STLB PREFETCHES SAME FILL-ORIGIN LEVEL: 0 DIFFERENT FILL-ORIGIN LEVEL: 0
STLB AVERAGE MISS LATENCY: 201.432 cycles
STLB RQ	ACCESS:     282581	FORWARD:          0	MERGED:      24678	TO_CACHE:     257903

STLB Hit, L1D data hit: 0
STLB Hit, L2C data hit: 0
STLB Hit, LLC data hit: 0
STLB Hit, LLC data miss: 0
STLB STLB hints to L2: 0
L1D TOTAL     ACCESS:    7109562  HIT:    6721261  MISS:     388301  HIT %:    94.5383  MISS %:    5.46167   MPKI: 15.532
L1D LOAD      ACCESS:    4285072  HIT:    4032601  MISS:     252471  HIT %:    94.1081  MISS %:    5.89187   MPKI: 10.0988
L1D RFO       ACCESS:    2762685  HIT:    2651039  MISS:     111646  HIT %:    95.9588  MISS %:    4.04121   MPKI: 4.46584
L1D PREFETCH  ACCESS:      61805  HIT:      37621  MISS:      24184  HIT %:    60.8705  MISS %:    39.1295   MPKI: 0.96736
AGUS PREFETCH L1 MISS: 0
L1D PREFETCH  REQUESTED:     136716  ISSUED:     136706  USEFUL:      16649  USELESS:       7538
L1D USEFUL LOAD PREFETCHES:      16649 PREFETCH ISSUED TO LOWER LEVEL:      29211  ACCURACY: 56.9957
L1D TIMELY PREFETCHES:      16649 LATE PREFETCHES: 2998 DROPPED PREFETCHES: 0
L1D PREFETCHES SAME FILL-ORIGIN LEVEL: 27222 DIFFERENT FILL-ORIGIN LEVEL: 1989
L1D AVERAGE MISS LATENCY: 466436 cycles
L1D RQ	ACCESS:    5845596	FORWARD:          0	MERGED:    1447695	TO_CACHE:    4320905
L1D WQ	ACCESS:    3047623	FORWARD:      77028	MERGED:      41129	TO_CACHE:    3006494
L1D PQ	ACCESS:      68498	FORWARD:          0	MERGED:        258	TO_CACHE:      68208

L1D UNIQUE REGIONS ACCESSED: 0
L1D REGIONS CONFLICTS: 0
L1D Cross Page Prefetch Requests: 0
L1D Same Page Prefetch Requests: 216510
L1D ROI Sum of L1D PQ occupancy: 956316
L1D PREFETCHES PUSHED FROM L2C: 0
L1I TOTAL     ACCESS:    4396359  HIT:    4034249  MISS:     362110  HIT %:    91.7634  MISS %:    8.23659   MPKI: 14.4844
L1I LOAD      ACCESS:    4396359  HIT:    4034249  MISS:     362110  HIT %:    91.7634  MISS %:    8.23659   MPKI: 14.4844
L1I PREFETCH  REQUESTED:          0  ISSUED:          0  USEFUL:          0  USELESS:          0
L1I USEFUL LOAD PREFETCHES:          0 PREFETCH ISSUED TO LOWER LEVEL:          0  ACCURACY: -nan
L1I TIMELY PREFETCHES:          0 LATE PREFETCHES: 0 DROPPED PREFETCHES: 0
L1I PREFETCHES SAME FILL-ORIGIN LEVEL: 0 DIFFERENT FILL-ORIGIN LEVEL: 0
L1I AVERAGE MISS LATENCY: 110.214 cycles
L1I RQ	ACCESS:    6252368	FORWARD:          0	MERGED:    1703350	TO_CACHE:    4549018

BTB TOTAL     ACCESS:    2029937  HIT:    1730538  MISS:     299399  HIT %:    85.2508  MISS %:    14.7492   MPKI: 11.976
BTB BRANCH_DIRECT_JUMP	ACCESS:     126163  HIT:     102446  MISS:      23717
BTB BRANCH_INDIRECT	ACCESS:      45810  HIT:      28349  MISS:      17461
BTB BRANCH_CONDITIONAL	ACCESS:    1410836  HIT:    1350768  MISS:      60068
BTB BRANCH_DIRECT_CALL	ACCESS:     192147  HIT:     136830  MISS:      55317
BTB BRANCH_INDIRECT_CALL	ACCESS:      31367  HIT:      17496  MISS:      13871
BTB BRANCH_RETURN	ACCESS:     223607  HIT:      94649  MISS:     128958
BTB BRANCH_OTHER ACCESS:          7  HIT:          0  MISS:          7

L2C TOTAL     ACCESS:    1024920  HIT:     419670  MISS:     605250  HIT %:    40.9466  MISS %:    59.0534   MPKI: 24.21
L2C LOAD      ACCESS:     611581  HIT:     181740  MISS:     429841  HIT %:    29.7164  MISS %:    70.2836   MPKI: 17.1936
L2C DATA LOAD MPKI: 6.8058
L2C INSTRUCTION LOAD MPKI: 10.3878
L2C RFO       ACCESS:     111605  HIT:      15586  MISS:      96019  HIT %:    13.9653  MISS %:    86.0347   MPKI: 3.84076
L2C PREFETCH  ACCESS:      28586  HIT:       7102  MISS:      21484  HIT %:    24.8443  MISS %:    75.1557   MPKI: 0.85936
AGUS PREFETCH L1 MISS: 0
L2C DATA PREFETCH MPKI: 0.85936
L2C INSTRUCTION PREFETCH MPKI: 0
L2C WRITEBACK ACCESS:     155545  HIT:     154704  MISS:        841  HIT %:    99.4593  MISS %:    0.54068   MPKI: 0.03364
L2C LOAD TRANSLATION ACCESS:     117603  HIT:      60538  MISS:      57065  HIT %:    51.4766  MISS %:    48.5234   MPKI: 2.2826
L2C PREFETCH  REQUESTED:          0  ISSUED:          0  USEFUL:       2741  USELESS:      18767
L2C USEFUL LOAD PREFETCHES:       2741 PREFETCH ISSUED TO LOWER LEVEL:      22096  ACCURACY: 12.405
L2C TIMELY PREFETCHES:       2741 LATE PREFETCHES: 612 DROPPED PREFETCHES: 0
L2C PREFETCHES SAME FILL-ORIGIN LEVEL: 1874 DIFFERENT FILL-ORIGIN LEVEL: 0
L2C AVERAGE MISS LATENCY: 140.918 cycles
L2C RQ	ACCESS:     840792	FORWARD:          0	MERGED:          0	TO_CACHE:     840789
L2C WQ	ACCESS:     155545	FORWARD:          4	MERGED:          0	TO_CACHE:     155545
L2C PQ	ACCESS:      29211	FORWARD:          0	MERGED:          0	TO_CACHE:      29210

L2C Instructions Evicting Data 122766
L2C Translations Evicting Data 26972
L2C Data Evicting Data 138104
L2C Instructions Evicting Instructions 112837
L2C Translations Evicting Instructions 24698
L2C Data Evicting Instructions 121746
L2C Instructions Evicting Translations 24093
L2C Translations Evicting Translations 5395
L2C Data Evicting Translations 27798
L2C Dense regions hint from L2: 0
PSCL5 TOTAL     ACCESS:      71378  HIT:      71378  MISS:          0  HIT %:        100  MISS %:          0   MPKI: 0
PSCL5 LOAD TRANSLATION ACCESS:      71378  HIT:      71378  MISS:          0  HIT %:        100  MISS %:          0   MPKI: 0
PSCL5 PREFETCH  REQUESTED:          0  ISSUED:          0  USEFUL:          0  USELESS:          0
PSCL5 USEFUL LOAD PREFETCHES:          0 PREFETCH ISSUED TO LOWER LEVEL:          0  ACCURACY: -nan
PSCL5 TIMELY PREFETCHES:          0 LATE PREFETCHES: 0 DROPPED PREFETCHES: 0
PSCL5 PREFETCHES SAME FILL-ORIGIN LEVEL: 0 DIFFERENT FILL-ORIGIN LEVEL: 0

PSCL4 TOTAL     ACCESS:      70596  HIT:      70396  MISS:        200  HIT %:    99.7167  MISS %:   0.283302   MPKI: 0.008
PSCL4 LOAD TRANSLATION ACCESS:      70596  HIT:      70396  MISS:        200  HIT %:    99.7167  MISS %:   0.283302   MPKI: 0.008
PSCL4 PREFETCH  REQUESTED:          0  ISSUED:          0  USEFUL:          0  USELESS:          0
PSCL4 USEFUL LOAD PREFETCHES:          0 PREFETCH ISSUED TO LOWER LEVEL:          0  ACCURACY: -nan
PSCL4 TIMELY PREFETCHES:          0 LATE PREFETCHES: 0 DROPPED PREFETCHES: 0
PSCL4 PREFETCHES SAME FILL-ORIGIN LEVEL: 0 DIFFERENT FILL-ORIGIN LEVEL: 0

PSCL3 TOTAL     ACCESS:      69944  HIT:      65860  MISS:       4084  HIT %:     94.161  MISS %:    5.83896   MPKI: 0.16336
PSCL3 LOAD TRANSLATION ACCESS:      69944  HIT:      65860  MISS:       4084  HIT %:     94.161  MISS %:    5.83896   MPKI: 0.16336
PSCL3 PREFETCH  REQUESTED:          0  ISSUED:          0  USEFUL:          0  USELESS:          0
PSCL3 USEFUL LOAD PREFETCHES:          0 PREFETCH ISSUED TO LOWER LEVEL:          0  ACCURACY: -nan
PSCL3 TIMELY PREFETCHES:          0 LATE PREFETCHES: 0 DROPPED PREFETCHES: 0
PSCL3 PREFETCHES SAME FILL-ORIGIN LEVEL: 0 DIFFERENT FILL-ORIGIN LEVEL: 0

PSCL2 TOTAL     ACCESS:      71378  HIT:      29169  MISS:      42209  HIT %:    40.8655  MISS %:    59.1345   MPKI: 1.68836
PSCL2 LOAD TRANSLATION ACCESS:      71378  HIT:      29169  MISS:      42209  HIT %:    40.8655  MISS %:    59.1345   MPKI: 1.68836
PSCL2 PREFETCH  REQUESTED:          0  ISSUED:          0  USEFUL:          0  USELESS:          0
PSCL2 USEFUL LOAD PREFETCHES:          0 PREFETCH ISSUED TO LOWER LEVEL:          0  ACCURACY: -nan
PSCL2 TIMELY PREFETCHES:          0 LATE PREFETCHES: 0 DROPPED PREFETCHES: 0
PSCL2 PREFETCHES SAME FILL-ORIGIN LEVEL: 0 DIFFERENT FILL-ORIGIN LEVEL: 0

LLC TOTAL     ACCESS:     735540  HIT:     299043  MISS:     436497  HIT %:    40.6563  MISS %:    59.3437   MPKI: 17.4599
LLC LOAD      ACCESS:     429229  HIT:     131160  MISS:     298069  HIT %:    30.5571  MISS %:    69.4429   MPKI: 11.9228
LLC RFO       ACCESS:      96019  HIT:       8550  MISS:      87469  HIT %:    8.90449  MISS %:    91.0955   MPKI: 3.49876
LLC PREFETCH  ACCESS:      22096  HIT:       5516  MISS:      16580  HIT %:    24.9638  MISS %:    75.0362   MPKI: 0.6632
AGUS PREFETCH L1 MISS: 0
LLC WRITEBACK ACCESS:     131131  HIT:     130998  MISS:        133  HIT %:    99.8986  MISS %:   0.101425   MPKI: 0.00532
LLC LOAD TRANSLATION ACCESS:      57065  HIT:      22819  MISS:      34246  HIT %:    39.9877  MISS %:    60.0123   MPKI: 1.36984
LLC PREFETCH  REQUESTED:          0  ISSUED:          0  USEFUL:        593  USELESS:      16221
LLC USEFUL LOAD PREFETCHES:        593 PREFETCH ISSUED TO LOWER LEVEL:      16580  ACCURACY: 3.5766
LLC TIMELY PREFETCHES:        593 LATE PREFETCHES: 0 DROPPED PREFETCHES: 0
LLC PREFETCHES SAME FILL-ORIGIN LEVEL: 0 DIFFERENT FILL-ORIGIN LEVEL: 0
LLC AVERAGE MISS LATENCY: 153.284 cycles
LLC RQ	ACCESS:     582313	FORWARD:          0	MERGED:          0	TO_CACHE:     582313
LLC WQ	ACCESS:     131131	FORWARD:          0	MERGED:          0	TO_CACHE:     131131
LLC PQ	ACCESS:      22096	FORWARD:          0	MERGED:          0	TO_CACHE:      22096

LLC Dense regions hint to LLC: 0

RAW hits: 197305
Loads Generated: 6042902
Loads sent to L1D: 5845596
Stores Generated: 3047659
Stores sent to L1D: 3047660
Major fault: 0 Minor fault: 45579
Allocated PAGES: 45579
CPU 0 L1D SPP final stats
SPP issued: 216510 (uniform 142631, pattern 73879)
SPP useful (own filter): 186926  accuracy: 86.336%
SPP epochs: 844  degree chosen LOW/MID/HIGH epochs: 1/154/689
SPP storage: signature entry 15 b, tracker 341 b x 24, filter 832 b, control 20 b  => total 9036 bits (1129.5 bytes)

DRAM Statistics
 CHANNEL 0
 RQ ROW_BUFFER_HIT:      97369  ROW_BUFFER_MISS:     338994
 DBUS_CONGESTED:        220
 WQ ROW_BUFFER_HIT:      42466  ROW_BUFFER_MISS:      70836  FULL:          0

 AVG_CONGESTED_CYCLE: 4
 All warmup complete: 2
Channel 0 Bank busy for read cycles: 0
Channel 0 Bank busy for write cycles: 0
Channel 0
Rank 0
0banks busy for read cycles: 48228058
0banks busy for write cycles: 50538
1banks busy for read cycles: 33083823
1banks busy for write cycles: 9734879
2banks busy for read cycles: 6885845
2banks busy for write cycles: 3607978
3banks busy for read cycles: 1201580
3banks busy for write cycles: 1532775
4banks busy for read cycles: 375385
4banks busy for write cycles: 781166
5banks busy for read cycles: 208254
5banks busy for write cycles: 422668
6banks busy for read cycles: 146379
6banks busy for write cycles: 273515
7banks busy for read cycles: 88159
7banks busy for write cycles: 184801
8banks busy for read cycles: 152690
8banks busy for write cycles: 221192

CPU 0 Branch Prediction Accuracy: 91.1975% MPKI: 16.1264 Average ROB Occupancy at Mispredict: 13.9004
Branch types
NOT_BRANCH: 20419575 81.6783%
BRANCH_DIRECT_JUMP: 126163 0.504652%
BRANCH_INDIRECT: 45810 0.18324%
BRANCH_CONDITIONAL: 3960982 15.8439%
BRANCH_DIRECT_CALL: 192147 0.768588%
BRANCH_INDIRECT_CALL: 31367 0.125468%
BRANCH_RETURN: 223607 0.894428%
BRANCH_OTHER: 7 2.8e-05%

DRAM PAGES: 1048576
Allocated PAGES: 45579
