
*** ChampSim Multicore Out-of-Order Simulator ***

Warmup Instructions: 25000000
Simulation Instructions: 25000000
Number of CPUs: 1
LLC sets: 2048
LLC ways: 16
Off-chip DRAM Size: 4096 MB Channels: 1 Width: 64-bit Data Rate: 6400 MT/s
CPU 0 runs /home/tamanna/Documents/cs683/PA2/cs683-pa2/traces/Trace2-002.gz
.gz
BTB has LRU replacement policy
ITLB has LRU replacement policy
DTLB has LRU replacement policy
STLB has LRU replacement policy
L1I has LRU replacement policy
------------------------------------------------
        Stride Pattern Prefetcher (SPP)         
------------------------------------------------
L1D has LRU replacement policy
L2C has LRU replacement policy
LLC has LRU replacement policy
Heartbeat CPU 0 instructions: 10000000 cycles: 2974238 heartbeat IPC: 3.36221 cumulative IPC: 3.36221 (Simulation time: 0 hr 0 min 16 sec) 
Heartbeat CPU 0 instructions: 20000001 cycles: 5829437 heartbeat IPC: 3.50238 cumulative IPC: 3.43086 (Simulation time: 0 hr 0 min 32 sec) 

Warmup complete CPU 0 instructions: 25000002 cycles: 7249109 (Simulation time: 0 hr 0 min 41 sec) 

Heartbeat CPU 0 instructions: 30000000 cycles: 26586193 heartbeat IPC: 0.481771 cumulative IPC: 0.25857 (Simulation time: 0 hr 0 min 55 sec) 
Heartbeat CPU 0 instructions: 40000002 cycles: 61547034 heartbeat IPC: 0.286034 cumulative IPC: 0.276254 (Simulation time: 0 hr 1 min 19 sec) 
Heartbeat CPU 0 instructions: 50000000 cycles: 107026281 heartbeat IPC: 0.21988 cumulative IPC: 0.250558 (Simulation time: 0 hr 1 min 43 sec) 
Finished CPU 0 instructions: 25000001 cycles: 99777173 cumulative IPC: 0.250558 (Simulation time: 0 hr 1 min 43 sec) 

ChampSim completed all CPUs

Region of Interest Statistics

CPU 0 cumulative IPC: 0.250558 instructions: 25000001 cycles: 99777173
ITLB TOTAL     ACCESS:    3953309  HIT:    3881286  MISS:      72023  HIT %:    98.1782  MISS %:    1.82184   MPKI: 2.88092
ITLB LOAD TRANSLATION ACCESS:    3953309  HIT:    3881286  MISS:      72023  HIT %:    98.1782  MISS %:    1.82184   MPKI: 2.88092
ITLB PREFETCH  REQUESTED:          0  ISSUED:          0  USEFUL:          0  USELESS:          0
ITLB USEFUL LOAD PREFETCHES:          0 PREFETCH ISSUED TO LOWER LEVEL:          0  ACCURACY: -nan
ITLB TIMELY PREFETCHES:          0 LATE PREFETCHES: 0 DROPPED PREFETCHES: 0
ITLB PREFETCHES SAME FILL-ORIGIN LEVEL: 0 DIFFERENT FILL-ORIGIN LEVEL: 0
ITLB AVERAGE MISS LATENCY: 24.1273 cycles
ITLB RQ	ACCESS:    4835129	FORWARD:          0	MERGED:     869163	TO_CACHE:    3965966

DTLB TOTAL     ACCESS:    6293875  HIT:    5971892  MISS:     321983  HIT %:    94.8842  MISS %:    5.11581   MPKI: 12.8793
DTLB LOAD TRANSLATION ACCESS:    6293875  HIT:    5971892  MISS:     321983  HIT %:    94.8842  MISS %:    5.11581   MPKI: 12.8793
DTLB PREFETCH  REQUESTED:          0  ISSUED:          0  USEFUL:          0  USELESS:          0
DTLB USEFUL LOAD PREFETCHES:          0 PREFETCH ISSUED TO LOWER LEVEL:          0  ACCURACY: -nan
DTLB TIMELY PREFETCHES:          0 LATE PREFETCHES: 0 DROPPED PREFETCHES: 0
DTLB PREFETCHES SAME FILL-ORIGIN LEVEL: 0 DIFFERENT FILL-ORIGIN LEVEL: 0
DTLB AVERAGE MISS LATENCY: 41.7624 cycles
DTLB RQ	ACCESS:    7739070	FORWARD:          0	MERGED:    1404157	TO_CACHE:    6334913

STLB TOTAL     ACCESS:     424091  HIT:     355932  MISS:      68159  HIT %:    83.9282  MISS %:    16.0718   MPKI: 2.72636
STLB LOAD TRANSLATION ACCESS:     394006  HIT:     325847  MISS:      68159  HIT %:     82.701  MISS %:     17.299   MPKI: 2.72636
STLB TRANSLATION FROM L1D PREFETCHER ACCESS:      30085  HIT:      30085  MISS:          0  HIT %:        100  MISS %:          0   MPKI: 0
STLB PREFETCH  REQUESTED:          0  ISSUED:          0  USEFUL:          0  USELESS:          0
STLB USEFUL LOAD PREFETCHES:          0 PREFETCH ISSUED TO LOWER LEVEL:          0  ACCURACY: -nan
STLB TIMELY PREFETCHES:          0 LATE PREFETCHES: 0 DROPPED PREFETCHES: 0
STLB PREFETCHES SAME FILL-ORIGIN LEVEL: 0 DIFFERENT FILL-ORIGIN LEVEL: 0
STLB AVERAGE MISS LATENCY: 170.058 cycles
STLB RQ	ACCESS:     436420	FORWARD:          0	MERGED:      12329	TO_CACHE:     424091

STLB Hit, L1D data hit: 0
STLB Hit, L2C data hit: 0
STLB Hit, LLC data hit: 0
STLB Hit, LLC data miss: 0
STLB STLB hints to L2: 0
L1D TOTAL     ACCESS:    7459230  HIT:    6986314  MISS:     472916  HIT %:      93.66  MISS %:    6.34001   MPKI: 18.9166
L1D LOAD      ACCESS:    4314606  HIT:    3978531  MISS:     336075  HIT %:    92.2108  MISS %:    7.78924   MPKI: 13.443
L1D RFO       ACCESS:    3103167  HIT:    2973965  MISS:     129202  HIT %:    95.8364  MISS %:    4.16355   MPKI: 5.16808
L1D PREFETCH  ACCESS:      41457  HIT:      33818  MISS:       7639  HIT %:    81.5737  MISS %:    18.4263   MPKI: 0.30556
AGUS PREFETCH L1 MISS: 0
L1D PREFETCH  REQUESTED:      84910  ISSUED:      84902  USEFUL:       3845  USELESS:       3788
L1D USEFUL LOAD PREFETCHES:       3845 PREFETCH ISSUED TO LOWER LEVEL:       8259  ACCURACY: 46.5553
L1D TIMELY PREFETCHES:       3845 LATE PREFETCHES: 270 DROPPED PREFETCHES: 0
L1D PREFETCHES SAME FILL-ORIGIN LEVEL: 7909 DIFFERENT FILL-ORIGIN LEVEL: 350
L1D AVERAGE MISS LATENCY: 41000.7 cycles
L1D RQ	ACCESS:    5765438	FORWARD:          0	MERGED:    1304349	TO_CACHE:    4355736
L1D WQ	ACCESS:    3430198	FORWARD:     105356	MERGED:      46864	TO_CACHE:    3383334
L1D PQ	ACCESS:      42488	FORWARD:          0	MERGED:         71	TO_CACHE:      42414

L1D UNIQUE REGIONS ACCESSED: 0
L1D REGIONS CONFLICTS: 0
L1D Cross Page Prefetch Requests: 0
L1D Same Page Prefetch Requests: 65954
L1D ROI Sum of L1D PQ occupancy: 571321
L1D PREFETCHES PUSHED FROM L2C: 0
L1I TOTAL     ACCESS:    4381150  HIT:    3380564  MISS:    1000586  HIT %:    77.1616  MISS %:    22.8384   MPKI: 40.0234
L1I LOAD      ACCESS:    4381150  HIT:    3380564  MISS:    1000586  HIT %:    77.1616  MISS %:    22.8384   MPKI: 40.0234
L1I PREFETCH  REQUESTED:          0  ISSUED:          0  USEFUL:          0  USELESS:          0
L1I USEFUL LOAD PREFETCHES:          0 PREFETCH ISSUED TO LOWER LEVEL:          0  ACCURACY: -nan
L1I TIMELY PREFETCHES:          0 LATE PREFETCHES: 0 DROPPED PREFETCHES: 0
L1I PREFETCHES SAME FILL-ORIGIN LEVEL: 0 DIFFERENT FILL-ORIGIN LEVEL: 0
L1I AVERAGE MISS LATENCY: 40.9355 cycles
L1I RQ	ACCESS:    6616351	FORWARD:          0	MERGED:    1781222	TO_CACHE:    4835129

BTB TOTAL     ACCESS:    2374453  HIT:    1885269  MISS:     489184  HIT %:     79.398  MISS %:     20.602   MPKI: 19.5674
BTB BRANCH_DIRECT_JUMP	ACCESS:     382447  HIT:     266751  MISS:     115696
BTB BRANCH_INDIRECT	ACCESS:      26284  HIT:      15034  MISS:      11250
BTB BRANCH_CONDITIONAL	ACCESS:    1419497  HIT:    1339647  MISS:      79850
BTB BRANCH_DIRECT_CALL	ACCESS:     241009  HIT:     172489  MISS:      68520
BTB BRANCH_INDIRECT_CALL	ACCESS:      31642  HIT:      19335  MISS:      12307
BTB BRANCH_RETURN	ACCESS:     273154  HIT:      71753  MISS:     201401
BTB BRANCH_OTHER ACCESS:        420  HIT:        260  MISS:        160

L2C TOTAL     ACCESS:    1793713  HIT:     930429  MISS:     863284  HIT %:    51.8717  MISS %:    48.1283   MPKI: 34.5314
L2C LOAD      ACCESS:    1336389  HIT:     628911  MISS:     707478  HIT %:    47.0605  MISS %:    52.9395   MPKI: 28.2991
L2C DATA LOAD MPKI: 8.61908
L2C INSTRUCTION LOAD MPKI: 19.68
L2C RFO       ACCESS:     129201  HIT:      41366  MISS:      87835  HIT %:    32.0168  MISS %:    67.9832   MPKI: 3.5134
L2C PREFETCH  ACCESS:       8243  HIT:       3472  MISS:       4771  HIT %:    42.1206  MISS %:    57.8794   MPKI: 0.19084
AGUS PREFETCH L1 MISS: 0
L2C DATA PREFETCH MPKI: 0.19084
L2C INSTRUCTION PREFETCH MPKI: 0
L2C WRITEBACK ACCESS:     206386  HIT:     199541  MISS:       6845  HIT %:    96.6834  MISS %:     3.3166   MPKI: 0.2738
L2C LOAD TRANSLATION ACCESS:     113494  HIT:      57139  MISS:      56355  HIT %:    50.3454  MISS %:    49.6546   MPKI: 2.2542
L2C PREFETCH  REQUESTED:          0  ISSUED:          0  USEFUL:        757  USELESS:       3957
L2C USEFUL LOAD PREFETCHES:        757 PREFETCH ISSUED TO LOWER LEVEL:       4787  ACCURACY: 15.8137
L2C TIMELY PREFETCHES:        757 LATE PREFETCHES: 16 DROPPED PREFETCHES: 0
L2C PREFETCHES SAME FILL-ORIGIN LEVEL: 195 DIFFERENT FILL-ORIGIN LEVEL: 0
L2C AVERAGE MISS LATENCY: 87.6897 cycles
L2C RQ	ACCESS:    1579087	FORWARD:          0	MERGED:          0	TO_CACHE:    1579084
L2C WQ	ACCESS:     206386	FORWARD:          3	MERGED:          0	TO_CACHE:     206386
L2C PQ	ACCESS:       8259	FORWARD:          0	MERGED:          0	TO_CACHE:       8259

L2C Instructions Evicting Data 151555
L2C Translations Evicting Data 23905
L2C Data Evicting Data 143097
L2C Instructions Evicting Instructions 311994
L2C Translations Evicting Instructions 28021
L2C Data Evicting Instructions 142642
L2C Instructions Evicting Translations 28452
L2C Translations Evicting Translations 4429
L2C Data Evicting Translations 22344
L2C Dense regions hint from L2: 0
PSCL5 TOTAL     ACCESS:      68159  HIT:      68159  MISS:          0  HIT %:        100  MISS %:          0   MPKI: 0
PSCL5 LOAD TRANSLATION ACCESS:      68159  HIT:      68159  MISS:          0  HIT %:        100  MISS %:          0   MPKI: 0
PSCL5 PREFETCH  REQUESTED:          0  ISSUED:          0  USEFUL:          0  USELESS:          0
PSCL5 USEFUL LOAD PREFETCHES:          0 PREFETCH ISSUED TO LOWER LEVEL:          0  ACCURACY: -nan
PSCL5 TIMELY PREFETCHES:          0 LATE PREFETCHES: 0 DROPPED PREFETCHES: 0
PSCL5 PREFETCHES SAME FILL-ORIGIN LEVEL: 0 DIFFERENT FILL-ORIGIN LEVEL: 0

PSCL4 TOTAL     ACCESS:      50839  HIT:      50474  MISS:        365  HIT %:     99.282  MISS %:   0.717953   MPKI: 0.0146
PSCL4 LOAD TRANSLATION ACCESS:      50839  HIT:      50474  MISS:        365  HIT %:     99.282  MISS %:   0.717953   MPKI: 0.0146
PSCL4 PREFETCH  REQUESTED:          0  ISSUED:          0  USEFUL:          0  USELESS:          0
PSCL4 USEFUL LOAD PREFETCHES:          0 PREFETCH ISSUED TO LOWER LEVEL:          0  ACCURACY: -nan
PSCL4 TIMELY PREFETCHES:          0 LATE PREFETCHES: 0 DROPPED PREFETCHES: 0
PSCL4 PREFETCHES SAME FILL-ORIGIN LEVEL: 0 DIFFERENT FILL-ORIGIN LEVEL: 0

PSCL3 TOTAL     ACCESS:      67917  HIT:      66545  MISS:       1372  HIT %:    97.9799  MISS %:    2.02011   MPKI: 0.05488
PSCL3 LOAD TRANSLATION ACCESS:      67917  HIT:      66545  MISS:       1372  HIT %:    97.9799  MISS %:    2.02011   MPKI: 0.05488
PSCL3 PREFETCH  REQUESTED:          0  ISSUED:          0  USEFUL:          0  USELESS:          0
PSCL3 USEFUL LOAD PREFETCHES:          0 PREFETCH ISSUED TO LOWER LEVEL:          0  ACCURACY: -nan
PSCL3 TIMELY PREFETCHES:          0 LATE PREFETCHES: 0 DROPPED PREFETCHES: 0
PSCL3 PREFETCHES SAME FILL-ORIGIN LEVEL: 0 DIFFERENT FILL-ORIGIN LEVEL: 0

PSCL2 TOTAL     ACCESS:      68159  HIT:      24212  MISS:      43947  HIT %:    35.5228  MISS %:    64.4772   MPKI: 1.75788
PSCL2 LOAD TRANSLATION ACCESS:      68159  HIT:      24212  MISS:      43947  HIT %:    35.5228  MISS %:    64.4772   MPKI: 1.75788
PSCL2 PREFETCH  REQUESTED:          0  ISSUED:          0  USEFUL:          0  USELESS:          0
PSCL2 USEFUL LOAD PREFETCHES:          0 PREFETCH ISSUED TO LOWER LEVEL:          0  ACCURACY: -nan
PSCL2 TIMELY PREFETCHES:          0 LATE PREFETCHES: 0 DROPPED PREFETCHES: 0
PSCL2 PREFETCHES SAME FILL-ORIGIN LEVEL: 0 DIFFERENT FILL-ORIGIN LEVEL: 0

LLC TOTAL     ACCESS:     999060  HIT:     691900  MISS:     307160  HIT %:    69.2551  MISS %:    30.7449   MPKI: 12.2864
LLC LOAD      ACCESS:     707458  HIT:     504070  MISS:     203388  HIT %:    71.2509  MISS %:    28.7491   MPKI: 8.13552
LLC RFO       ACCESS:      87835  HIT:      17674  MISS:      70161  HIT %:    20.1218  MISS %:    79.8782   MPKI: 2.80644
LLC PREFETCH  ACCESS:       4787  HIT:       1283  MISS:       3504  HIT %:    26.8018  MISS %:    73.1982   MPKI: 0.14016
AGUS PREFETCH L1 MISS: 0
LLC WRITEBACK ACCESS:     142625  HIT:     142284  MISS:        341  HIT %:    99.7609  MISS %:   0.239089   MPKI: 0.01364
LLC LOAD TRANSLATION ACCESS:      56355  HIT:      26589  MISS:      29766  HIT %:    47.1813  MISS %:    52.8187   MPKI: 1.19064
LLC PREFETCH  REQUESTED:          0  ISSUED:          0  USEFUL:        280  USELESS:       2994
LLC USEFUL LOAD PREFETCHES:        280 PREFETCH ISSUED TO LOWER LEVEL:       3504  ACCURACY: 7.99087
LLC TIMELY PREFETCHES:        280 LATE PREFETCHES: 0 DROPPED PREFETCHES: 0
LLC PREFETCHES SAME FILL-ORIGIN LEVEL: 0 DIFFERENT FILL-ORIGIN LEVEL: 0
LLC AVERAGE MISS LATENCY: 161.812 cycles
LLC RQ	ACCESS:     851652	FORWARD:          0	MERGED:          0	TO_CACHE:     851648
LLC WQ	ACCESS:     142625	FORWARD:          4	MERGED:          0	TO_CACHE:     142625
LLC PQ	ACCESS:       4787	FORWARD:          0	MERGED:          0	TO_CACHE:       4787

LLC Dense regions hint to LLC: 0

RAW hits: 192635
Loads Generated: 5958075
Loads sent to L1D: 5765438
Stores Generated: 3430196
Stores sent to L1D: 3430198
Major fault: 0 Minor fault: 45010
Allocated PAGES: 45010
CPU 0 L1D SPP final stats
SPP issued: 65954 (uniform 30930, pattern 35024)
SPP useful (own filter): 54912  accuracy: 83.258%
SPP epochs: 257  degree chosen LOW/MID/HIGH epochs: 5/62/190
SPP storage: signature entry 15 b, tracker 341 b x 24, filter 832 b, control 20 b  => total 9036 bits (1129.5 bytes)

DRAM Statistics
 CHANNEL 0
 RQ ROW_BUFFER_HIT:      41287  ROW_BUFFER_MISS:     265532
 DBUS_CONGESTED:        115
 WQ ROW_BUFFER_HIT:      32705  ROW_BUFFER_MISS:      75583  FULL:          0

 AVG_CONGESTED_CYCLE: 4
 All warmup complete: 2
Channel 0 Bank busy for read cycles: 0
Channel 0 Bank busy for write cycles: 0
Channel 0
Rank 0
0banks busy for read cycles: 54564800
0banks busy for write cycles: 46076
1banks busy for read cycles: 23885392
1banks busy for write cycles: 8006759
2banks busy for read cycles: 5330694
2banks busy for write cycles: 3080979
3banks busy for read cycles: 1293598
3banks busy for write cycles: 1351463
4banks busy for read cycles: 398617
4banks busy for write cycles: 676755
5banks busy for read cycles: 151698
5banks busy for write cycles: 375323
6banks busy for read cycles: 74904
6banks busy for write cycles: 223113
7banks busy for read cycles: 27811
7banks busy for write cycles: 124559
8banks busy for read cycles: 59334
8banks busy for write cycles: 105299

CPU 0 Branch Prediction Accuracy: 96.8224% MPKI: 6.31212 Average ROB Occupancy at Mispredict: 12.4534
Branch types
NOT_BRANCH: 20033560 80.1342%
BRANCH_DIRECT_JUMP: 382447 1.52979%
BRANCH_INDIRECT: 26284 0.105136%
BRANCH_CONDITIONAL: 4011162 16.0446%
BRANCH_DIRECT_CALL: 241009 0.964036%
BRANCH_INDIRECT_CALL: 31642 0.126568%
BRANCH_RETURN: 273154 1.09262%
BRANCH_OTHER: 420 0.00168%

DRAM PAGES: 1048576
Allocated PAGES: 45010
