
*** ChampSim Multicore Out-of-Order Simulator ***

Warmup Instructions: 25000000
Simulation Instructions: 25000000
Number of CPUs: 1
LLC sets: 2048
LLC ways: 16
Off-chip DRAM Size: 4096 MB Channels: 1 Width: 64-bit Data Rate: 6400 MT/s
CPU 0 runs /home/tamanna/Documents/cs683/PA2/cs683-pa2/traces/Trace3-001.gz
.gz
BTB has LRU replacement policy
ITLB has LRU replacement policy
DTLB has LRU replacement policy
STLB has LRU replacement policy
L1I has LRU replacement policy
------------------------------------------------
        Stride Pattern Prefetcher (SPP)         
------------------------------------------------
L1D has LRU replacement policy
L2C has LRU replacement policy
LLC has LRU replacement policy
Heartbeat CPU 0 instructions: 10000000 cycles: 3015820 heartbeat IPC: 3.31585 cumulative IPC: 3.31585 (Simulation time: 0 hr 0 min 18 sec) 
Heartbeat CPU 0 instructions: 20000000 cycles: 6013141 heartbeat IPC: 3.33631 cumulative IPC: 3.32605 (Simulation time: 0 hr 0 min 33 sec) 

Warmup complete CPU 0 instructions: 25000002 cycles: 7507186 (Simulation time: 0 hr 0 min 41 sec) 

Heartbeat CPU 0 instructions: 30000000 cycles: 22031583 heartbeat IPC: 0.62428 cumulative IPC: 0.344248 (Simulation time: 0 hr 0 min 52 sec) 
Heartbeat CPU 0 instructions: 40000003 cycles: 47875705 heartbeat IPC: 0.386935 cumulative IPC: 0.371577 (Simulation time: 0 hr 1 min 16 sec) 
Heartbeat CPU 0 instructions: 50000000 cycles: 72701476 heartbeat IPC: 0.402807 cumulative IPC: 0.383469 (Simulation time: 0 hr 1 min 38 sec) 
Finished CPU 0 instructions: 25000001 cycles: 65194291 cumulative IPC: 0.383469 (Simulation time: 0 hr 1 min 38 sec) 

ChampSim completed all CPUs

Region of Interest Statistics

CPU 0 cumulative IPC: 0.383469 instructions: 25000001 cycles: 65194291
ITLB TOTAL     ACCESS:    3878562  HIT:    3874524  MISS:       4038  HIT %:    99.8959  MISS %:   0.104111   MPKI: 0.16152
ITLB LOAD TRANSLATION ACCESS:    3878562  HIT:    3874524  MISS:       4038  HIT %:    99.8959  MISS %:   0.104111   MPKI: 0.16152
ITLB PREFETCH  REQUESTED:          0  ISSUED:          0  USEFUL:          0  USELESS:          0
ITLB USEFUL LOAD PREFETCHES:          0 PREFETCH ISSUED TO LOWER LEVEL:          0  ACCURACY: -nan
ITLB TIMELY PREFETCHES:          0 LATE PREFETCHES: 0 DROPPED PREFETCHES: 0
ITLB PREFETCHES SAME FILL-ORIGIN LEVEL: 0 DIFFERENT FILL-ORIGIN LEVEL: 0
ITLB AVERAGE MISS LATENCY: 54.3564 cycles
ITLB RQ	ACCESS:    4679324	FORWARD:          0	MERGED:     800115	TO_CACHE:    3879209

DTLB TOTAL     ACCESS:    6759385  HIT:    6677271  MISS:      82114  HIT %:    98.7852  MISS %:    1.21481   MPKI: 3.28456
DTLB LOAD TRANSLATION ACCESS:    6759385  HIT:    6677271  MISS:      82114  HIT %:    98.7852  MISS %:    1.21481   MPKI: 3.28456
DTLB PREFETCH  REQUESTED:          0  ISSUED:          0  USEFUL:          0  USELESS:          0
DTLB USEFUL LOAD PREFETCHES:          0 PREFETCH ISSUED TO LOWER LEVEL:          0  ACCURACY: -nan
DTLB TIMELY PREFETCHES:          0 LATE PREFETCHES: 0 DROPPED PREFETCHES: 0
DTLB PREFETCHES SAME FILL-ORIGIN LEVEL: 0 DIFFERENT FILL-ORIGIN LEVEL: 0
DTLB AVERAGE MISS LATENCY: 61.0582 cycles
DTLB RQ	ACCESS:    8237771	FORWARD:          0	MERGED:    1448093	TO_CACHE:    6789678

STLB TOTAL     ACCESS:     119579  HIT:      96225  MISS:      23354  HIT %:    80.4698  MISS %:    19.5302   MPKI: 0.93416
STLB LOAD TRANSLATION ACCESS:      86152  HIT:      62799  MISS:      23353  HIT %:    72.8933  MISS %:    27.1067   MPKI: 0.93412
STLB TRANSLATION FROM L1D PREFETCHER ACCESS:      33427  HIT:      33426  MISS:          1  HIT %:     99.997  MISS %: 0.00299159   MPKI: 4e-05
STLB PREFETCH  REQUESTED:          0  ISSUED:          0  USEFUL:          1  USELESS:          0
STLB USEFUL LOAD PREFETCHES:          1 PREFETCH ISSUED TO LOWER LEVEL:          0  ACCURACY: inf
STLB TIMELY PREFETCHES:          1 LATE PREFETCHES: 0 DROPPED PREFETCHES: 0
STLB PREFETCHES SAME FILL-ORIGIN LEVEL: 0 DIFFERENT FILL-ORIGIN LEVEL: 0
STLB AVERAGE MISS LATENCY: 190.322 cycles
STLB RQ	ACCESS:     138353	FORWARD:          0	MERGED:      18774	TO_CACHE:     119579

STLB Hit, L1D data hit: 0
STLB Hit, L2C data hit: 0
STLB Hit, LLC data hit: 0
STLB Hit, LLC data miss: 0
STLB STLB hints to L2: 0
L1D TOTAL     ACCESS:    8157895  HIT:    8023351  MISS:     134544  HIT %:    98.3508  MISS %:    1.64925   MPKI: 5.38176
L1D LOAD      ACCESS:    5094290  HIT:    5012857  MISS:      81433  HIT %:    98.4015  MISS %:    1.59852   MPKI: 3.25732
L1D RFO       ACCESS:    3018209  HIT:    2977222  MISS:      40987  HIT %:     98.642  MISS %:    1.35799   MPKI: 1.63948
L1D PREFETCH  ACCESS:      45396  HIT:      33272  MISS:      12124  HIT %:    73.2928  MISS %:    26.7072   MPKI: 0.48496
AGUS PREFETCH L1 MISS: 0
L1D PREFETCH  REQUESTED:     104800  ISSUED:     104800  USEFUL:       4127  USELESS:       8027
L1D USEFUL LOAD PREFETCHES:       4127 PREFETCH ISSUED TO LOWER LEVEL:      15807  ACCURACY: 26.1087
L1D TIMELY PREFETCHES:       4127 LATE PREFETCHES: 2647 DROPPED PREFETCHES: 0
L1D PREFETCHES SAME FILL-ORIGIN LEVEL: 14771 DIFFERENT FILL-ORIGIN LEVEL: 1036
L1D AVERAGE MISS LATENCY: 522765 cycles
L1D RQ	ACCESS:    7160058	FORWARD:          0	MERGED:    1922367	TO_CACHE:    5108234
L1D WQ	ACCESS:    3226976	FORWARD:     129512	MERGED:      97439	TO_CACHE:    3129537
L1D PQ	ACCESS:      52599	FORWARD:          0	MERGED:        343	TO_CACHE:      52201

L1D UNIQUE REGIONS ACCESSED: 0
L1D REGIONS CONFLICTS: 0
L1D Cross Page Prefetch Requests: 0
L1D Same Page Prefetch Requests: 157033
L1D ROI Sum of L1D PQ occupancy: 683898
L1D PREFETCHES PUSHED FROM L2C: 0
L1I TOTAL     ACCESS:    4657703  HIT:    4604573  MISS:      53130  HIT %:    98.8593  MISS %:    1.14069   MPKI: 2.1252
L1I LOAD      ACCESS:    4657703  HIT:    4604573  MISS:      53130  HIT %:    98.8593  MISS %:    1.14069   MPKI: 2.1252
L1I PREFETCH  REQUESTED:          0  ISSUED:          0  USEFUL:          0  USELESS:          0
L1I USEFUL LOAD PREFETCHES:          0 PREFETCH ISSUED TO LOWER LEVEL:          0  ACCURACY: -nan
L1I TIMELY PREFETCHES:          0 LATE PREFETCHES: 0 DROPPED PREFETCHES: 0
L1I PREFETCHES SAME FILL-ORIGIN LEVEL: 0 DIFFERENT FILL-ORIGIN LEVEL: 0
L1I AVERAGE MISS LATENCY: 77.5064 cycles
L1I RQ	ACCESS:    6565817	FORWARD:          0	MERGED:    1886493	TO_CACHE:    4679324

BTB TOTAL     ACCESS:    3429096  HIT:    3275942  MISS:     153154  HIT %:    95.5337  MISS %:    4.46631   MPKI: 6.12616
BTB BRANCH_DIRECT_JUMP	ACCESS:     487279  HIT:     484673  MISS:       2606
BTB BRANCH_INDIRECT	ACCESS:      19539  HIT:       3769  MISS:      15770
BTB BRANCH_CONDITIONAL	ACCESS:    2395393  HIT:    2389650  MISS:       5743
BTB BRANCH_DIRECT_CALL	ACCESS:     107379  HIT:     103734  MISS:       3645
BTB BRANCH_INDIRECT_CALL	ACCESS:     156045  HIT:      76949  MISS:      79096
BTB BRANCH_RETURN	ACCESS:     263460  HIT:     217167  MISS:      46293
BTB BRANCH_OTHER ACCESS:          1  HIT:          0  MISS:          1

L2C TOTAL     ACCESS:     298724  HIT:     136904  MISS:     161820  HIT %:    45.8296  MISS %:    54.1704   MPKI: 6.4728
L2C LOAD      ACCESS:     131915  HIT:      39174  MISS:      92741  HIT %:    29.6964  MISS %:    70.3036   MPKI: 3.70964
L2C DATA LOAD MPKI: 2.57148
L2C INSTRUCTION LOAD MPKI: 1.13816
L2C RFO       ACCESS:      40987  HIT:       4616  MISS:      36371  HIT %:    11.2621  MISS %:    88.7379   MPKI: 1.45484
L2C PREFETCH  ACCESS:      15667  HIT:        740  MISS:      14927  HIT %:     4.7233  MISS %:    95.2767   MPKI: 0.59708
AGUS PREFETCH L1 MISS: 0
L2C DATA PREFETCH MPKI: 0.59708
L2C INSTRUCTION PREFETCH MPKI: 0
L2C WRITEBACK ACCESS:      72095  HIT:      71828  MISS:        267  HIT %:    99.6297  MISS %:   0.370345   MPKI: 0.01068
L2C LOAD TRANSLATION ACCESS:      38058  HIT:      20545  MISS:      17513  HIT %:    53.9834  MISS %:    46.0166   MPKI: 0.70052
L2C TRANSLATION FROM L1D PREFETCHER ACCESS:          2  HIT:          1  MISS:          1  HIT %:         50  MISS %:         50   MPKI: 4e-05
L2C PREFETCH  REQUESTED:          0  ISSUED:          0  USEFUL:       1126  USELESS:      13695
L2C USEFUL LOAD PREFETCHES:       1126 PREFETCH ISSUED TO LOWER LEVEL:      15065  ACCURACY: 7.47428
L2C TIMELY PREFETCHES:       1126 LATE PREFETCHES: 138 DROPPED PREFETCHES: 0
L2C PREFETCHES SAME FILL-ORIGIN LEVEL: 997 DIFFERENT FILL-ORIGIN LEVEL: 0
L2C AVERAGE MISS LATENCY: 157.109 cycles
L2C RQ	ACCESS:     210963	FORWARD:          0	MERGED:          0	TO_CACHE:     210962
L2C WQ	ACCESS:      72095	FORWARD:          1	MERGED:          0	TO_CACHE:      72095
L2C PQ	ACCESS:      15807	FORWARD:          0	MERGED:          0	TO_CACHE:      15807

L2C Instructions Evicting Data 17092
L2C Translations Evicting Data 12551
L2C Data Evicting Data 82782
L2C Instructions Evicting Instructions 8346
L2C Translations Evicting Instructions 3129
L2C Data Evicting Instructions 19601
L2C Instructions Evicting Translations 3016
L2C Translations Evicting Translations 1834
L2C Data Evicting Translations 13202
L2C Dense regions hint from L2: 0
PSCL5 TOTAL     ACCESS:      23354  HIT:      23354  MISS:          0  HIT %:        100  MISS %:          0   MPKI: 0
PSCL5 LOAD TRANSLATION ACCESS:      23353  HIT:      23353  MISS:          0  HIT %:        100  MISS %:          0   MPKI: 0
PSCL5 TRANSLATION FROM L1D PREFETCHER ACCESS:          1  HIT:          1  MISS:          0  HIT %:        100  MISS %:          0   MPKI: 0
PSCL5 PREFETCH  REQUESTED:          0  ISSUED:          0  USEFUL:          0  USELESS:          0
PSCL5 USEFUL LOAD PREFETCHES:          0 PREFETCH ISSUED TO LOWER LEVEL:          0  ACCURACY: -nan
PSCL5 TIMELY PREFETCHES:          0 LATE PREFETCHES: 0 DROPPED PREFETCHES: 0
PSCL5 PREFETCHES SAME FILL-ORIGIN LEVEL: 0 DIFFERENT FILL-ORIGIN LEVEL: 0

PSCL4 TOTAL     ACCESS:      22093  HIT:      22008  MISS:         85  HIT %:    99.6153  MISS %:   0.384737   MPKI: 0.0034
PSCL4 LOAD TRANSLATION ACCESS:      22092  HIT:      22007  MISS:         85  HIT %:    99.6152  MISS %:   0.384755   MPKI: 0.0034
PSCL4 TRANSLATION FROM L1D PREFETCHER ACCESS:          1  HIT:          1  MISS:          0  HIT %:        100  MISS %:          0   MPKI: 0
PSCL4 PREFETCH  REQUESTED:          0  ISSUED:          0  USEFUL:          0  USELESS:          0
PSCL4 USEFUL LOAD PREFETCHES:          0 PREFETCH ISSUED TO LOWER LEVEL:          0  ACCURACY: -nan
PSCL4 TIMELY PREFETCHES:          0 LATE PREFETCHES: 0 DROPPED PREFETCHES: 0
PSCL4 PREFETCHES SAME FILL-ORIGIN LEVEL: 0 DIFFERENT FILL-ORIGIN LEVEL: 0

PSCL3 TOTAL     ACCESS:      23145  HIT:      22616  MISS:        529  HIT %:    97.7144  MISS %:    2.28559   MPKI: 0.02116
PSCL3 LOAD TRANSLATION ACCESS:      23144  HIT:      22615  MISS:        529  HIT %:    97.7143  MISS %:    2.28569   MPKI: 0.02116
PSCL3 TRANSLATION FROM L1D PREFETCHER ACCESS:          1  HIT:          1  MISS:          0  HIT %:        100  MISS %:          0   MPKI: 0
PSCL3 PREFETCH  REQUESTED:          0  ISSUED:          0  USEFUL:          0  USELESS:          0
PSCL3 USEFUL LOAD PREFETCHES:          0 PREFETCH ISSUED TO LOWER LEVEL:          0  ACCURACY: -nan
PSCL3 TIMELY PREFETCHES:          0 LATE PREFETCHES: 0 DROPPED PREFETCHES: 0
PSCL3 PREFETCHES SAME FILL-ORIGIN LEVEL: 0 DIFFERENT FILL-ORIGIN LEVEL: 0

PSCL2 TOTAL     ACCESS:      23354  HIT:       9183  MISS:      14171  HIT %:    39.3209  MISS %:    60.6791   MPKI: 0.56684
PSCL2 LOAD TRANSLATION ACCESS:      23354  HIT:       9183  MISS:      14171  HIT %:    39.3209  MISS %:    60.6791   MPKI: 0.56684
PSCL2 PREFETCH  REQUESTED:          0  ISSUED:          0  USEFUL:          0  USELESS:          0
PSCL2 USEFUL LOAD PREFETCHES:          0 PREFETCH ISSUED TO LOWER LEVEL:          0  ACCURACY: -nan
PSCL2 TIMELY PREFETCHES:          0 LATE PREFETCHES: 0 DROPPED PREFETCHES: 0
PSCL2 PREFETCHES SAME FILL-ORIGIN LEVEL: 0 DIFFERENT FILL-ORIGIN LEVEL: 0

LLC TOTAL     ACCESS:     225726  HIT:      92422  MISS:     133304  HIT %:    40.9443  MISS %:    59.0557   MPKI: 5.33216
LLC LOAD      ACCESS:      92603  HIT:      20278  MISS:      72325  HIT %:    21.8978  MISS %:    78.1022   MPKI: 2.893
LLC RFO       ACCESS:      36371  HIT:       1763  MISS:      34608  HIT %:    4.84727  MISS %:    95.1527   MPKI: 1.38432
LLC PREFETCH  ACCESS:      15065  HIT:        343  MISS:      14722  HIT %:     2.2768  MISS %:    97.7232   MPKI: 0.58888
AGUS PREFETCH L1 MISS: 0
LLC WRITEBACK ACCESS:      64173  HIT:      64113  MISS:         60  HIT %:    99.9065  MISS %:  0.0934973   MPKI: 0.0024
LLC LOAD TRANSLATION ACCESS:      17513  HIT:       5924  MISS:      11589  HIT %:    33.8263  MISS %:    66.1737   MPKI: 0.46356
LLC TRANSLATION FROM L1D PREFETCHER ACCESS:          1  HIT:          1  MISS:          0  HIT %:        100  MISS %:          0   MPKI: 0
LLC PREFETCH  REQUESTED:          0  ISSUED:          0  USEFUL:        361  USELESS:      12425
LLC USEFUL LOAD PREFETCHES:        361 PREFETCH ISSUED TO LOWER LEVEL:      14722  ACCURACY: 2.45211
LLC TIMELY PREFETCHES:        361 LATE PREFETCHES: 0 DROPPED PREFETCHES: 0
LLC PREFETCHES SAME FILL-ORIGIN LEVEL: 0 DIFFERENT FILL-ORIGIN LEVEL: 0
LLC AVERAGE MISS LATENCY: 153.629 cycles
LLC RQ	ACCESS:     146488	FORWARD:          0	MERGED:          0	TO_CACHE:     146488
LLC WQ	ACCESS:      64173	FORWARD:          0	MERGED:          0	TO_CACHE:      64173
LLC PQ	ACCESS:      15065	FORWARD:          0	MERGED:          0	TO_CACHE:      15065

LLC Dense regions hint to LLC: 0

RAW hits: 415062
Loads Generated: 7575120
Loads sent to L1D: 7160058
Stores Generated: 3226960
Stores sent to L1D: 3226976
Major fault: 0 Minor fault: 42448
Allocated PAGES: 42448
CPU 0 L1D SPP final stats
SPP issued: 157033 (uniform 96476, pattern 60557)
SPP useful (own filter): 125045  accuracy: 79.6298%
SPP epochs: 612  degree chosen LOW/MID/HIGH epochs: 1/198/413
SPP storage: signature entry 15 b, tracker 341 b x 24, filter 832 b, control 20 b  => total 9036 bits (1129.5 bytes)

DRAM Statistics
 CHANNEL 0
 RQ ROW_BUFFER_HIT:      31428  ROW_BUFFER_MISS:     101816
 DBUS_CONGESTED:         85
 WQ ROW_BUFFER_HIT:      13123  ROW_BUFFER_MISS:      40401  FULL:          0

 AVG_CONGESTED_CYCLE: 4
 All warmup complete: 2
Channel 0 Bank busy for read cycles: 0
Channel 0 Bank busy for write cycles: 0
Channel 0
Rank 0
0banks busy for read cycles: 49207604
0banks busy for write cycles: 17808
1banks busy for read cycles: 7383410
1banks busy for write cycles: 2832430
2banks busy for read cycles: 2009330
2banks busy for write cycles: 1033620
3banks busy for read cycles: 552119
3banks busy for write cycles: 534271
4banks busy for read cycles: 208349
4banks busy for write cycles: 313688
5banks busy for read cycles: 134699
5banks busy for write cycles: 222440
6banks busy for read cycles: 91349
6banks busy for write cycles: 159262
7banks busy for read cycles: 89822
7banks busy for write cycles: 137288
8banks busy for read cycles: 137808
8banks busy for write cycles: 128995

CPU 0 Branch Prediction Accuracy: 96.6781% MPKI: 7.22532 Average ROB Occupancy at Mispredict: 37.4104
Branch types
NOT_BRANCH: 19561996 78.248%
BRANCH_DIRECT_JUMP: 487279 1.94912%
BRANCH_INDIRECT: 19539 0.078156%
BRANCH_CONDITIONAL: 4403958 17.6158%
BRANCH_DIRECT_CALL: 107379 0.429516%
BRANCH_INDIRECT_CALL: 156045 0.62418%
BRANCH_RETURN: 263460 1.05384%
BRANCH_OTHER: 1 4e-06%

DRAM PAGES: 1048576
Allocated PAGES: 42448
