
*** ChampSim Multicore Out-of-Order Simulator ***

Warmup Instructions: 25000000
Simulation Instructions: 25000000
Number of CPUs: 1
LLC sets: 2048
LLC ways: 16
Off-chip DRAM Size: 4096 MB Channels: 1 Width: 64-bit Data Rate: 6400 MT/s
CPU 0 runs /home/tamanna/Documents/cs683/PA2/cs683-pa2/traces/Trace3-001.gz
.gz
BTB has LRU replacement policy
ITLB has LRU replacement policy
DTLB has LRU replacement policy
STLB has LRU replacement policy
L1I has LRU replacement policy
L1D has LRU replacement policy
L2C has LRU replacement policy
LLC has LRU replacement policy
Heartbeat CPU 0 instructions: 10000000 cycles: 3015894 heartbeat IPC: 3.31577 cumulative IPC: 3.31577 (Simulation time: 0 hr 0 min 29 sec) 
Heartbeat CPU 0 instructions: 20000000 cycles: 6013857 heartbeat IPC: 3.3356 cumulative IPC: 3.32565 (Simulation time: 0 hr 0 min 55 sec) 

Warmup complete CPU 0 instructions: 25000002 cycles: 7507181 (Simulation time: 0 hr 1 min 6 sec) 

Heartbeat CPU 0 instructions: 30000000 cycles: 22078463 heartbeat IPC: 0.622486 cumulative IPC: 0.343141 (Simulation time: 0 hr 1 min 18 sec) 
Heartbeat CPU 0 instructions: 40000003 cycles: 48077185 heartbeat IPC: 0.384634 cumulative IPC: 0.369731 (Simulation time: 0 hr 1 min 42 sec) 
Heartbeat CPU 0 instructions: 50000000 cycles: 72950785 heartbeat IPC: 0.402033 cumulative IPC: 0.382008 (Simulation time: 0 hr 2 min 3 sec) 
Finished CPU 0 instructions: 25000001 cycles: 65443605 cumulative IPC: 0.382008 (Simulation time: 0 hr 2 min 3 sec) 

ChampSim completed all CPUs

Region of Interest Statistics

CPU 0 cumulative IPC: 0.382008 instructions: 25000001 cycles: 65443605
ITLB TOTAL     ACCESS:    3878790  HIT:    3874752  MISS:       4038  HIT %:    99.8959  MISS %:   0.104105   MPKI: 0.16152
ITLB LOAD TRANSLATION ACCESS:    3878790  HIT:    3874752  MISS:       4038  HIT %:    99.8959  MISS %:   0.104105   MPKI: 0.16152
ITLB PREFETCH  REQUESTED:          0  ISSUED:          0  USEFUL:          0  USELESS:          0
ITLB USEFUL LOAD PREFETCHES:          0 PREFETCH ISSUED TO LOWER LEVEL:          0  ACCURACY: -nan
ITLB TIMELY PREFETCHES:          0 LATE PREFETCHES: 0 DROPPED PREFETCHES: 0
ITLB PREFETCHES SAME FILL-ORIGIN LEVEL: 0 DIFFERENT FILL-ORIGIN LEVEL: 0
ITLB AVERAGE MISS LATENCY: 53.8779 cycles
ITLB RQ	ACCESS:    4679559	FORWARD:          0	MERGED:     800122	TO_CACHE:    3879437

DTLB TOTAL     ACCESS:    6759030  HIT:    6676910  MISS:      82120  HIT %:     98.785  MISS %:    1.21497   MPKI: 3.2848
DTLB LOAD TRANSLATION ACCESS:    6759030  HIT:    6676910  MISS:      82120  HIT %:     98.785  MISS %:    1.21497   MPKI: 3.2848
DTLB PREFETCH  REQUESTED:          0  ISSUED:          0  USEFUL:          0  USELESS:          0
DTLB USEFUL LOAD PREFETCHES:          0 PREFETCH ISSUED TO LOWER LEVEL:          0  ACCURACY: -nan
DTLB TIMELY PREFETCHES:          0 LATE PREFETCHES: 0 DROPPED PREFETCHES: 0
DTLB PREFETCHES SAME FILL-ORIGIN LEVEL: 0 DIFFERENT FILL-ORIGIN LEVEL: 0
DTLB AVERAGE MISS LATENCY: 60.2429 cycles
DTLB RQ	ACCESS:    8237280	FORWARD:          0	MERGED:    1448392	TO_CACHE:    6788888

STLB TOTAL     ACCESS:      86158  HIT:      62795  MISS:      23363  HIT %:    72.8835  MISS %:    27.1165   MPKI: 0.93452
STLB LOAD TRANSLATION ACCESS:      86158  HIT:      62795  MISS:      23363  HIT %:    72.8835  MISS %:    27.1165   MPKI: 0.93452
STLB PREFETCH  REQUESTED:          0  ISSUED:          0  USEFUL:          0  USELESS:          0
STLB USEFUL LOAD PREFETCHES:          0 PREFETCH ISSUED TO LOWER LEVEL:          0  ACCURACY: -nan
STLB TIMELY PREFETCHES:          0 LATE PREFETCHES: 0 DROPPED PREFETCHES: 0
STLB PREFETCHES SAME FILL-ORIGIN LEVEL: 0 DIFFERENT FILL-ORIGIN LEVEL: 0
STLB AVERAGE MISS LATENCY: 187.335 cycles
STLB RQ	ACCESS:      86158	FORWARD:          0	MERGED:          0	TO_CACHE:      86158

STLB Hit, L1D data hit: 0
STLB Hit, L2C data hit: 0
STLB Hit, LLC data hit: 0
STLB Hit, LLC data miss: 0
STLB STLB hints to L2: 0
L1D TOTAL     ACCESS:    8110346  HIT:    7984418  MISS:     125928  HIT %:    98.4473  MISS %:    1.55268   MPKI: 5.03712
L1D LOAD      ACCESS:    5092445  HIT:    5007364  MISS:      85081  HIT %:    98.3293  MISS %:    1.67073   MPKI: 3.40324
L1D RFO       ACCESS:    3017901  HIT:    2977054  MISS:      40847  HIT %:    98.6465  MISS %:    1.35349   MPKI: 1.63388
L1D PREFETCH  REQUESTED:          0  ISSUED:          0  USEFUL:          0  USELESS:          0
L1D USEFUL LOAD PREFETCHES:          0 PREFETCH ISSUED TO LOWER LEVEL:          0  ACCURACY: -nan
L1D TIMELY PREFETCHES:          0 LATE PREFETCHES: 0 DROPPED PREFETCHES: 0
L1D PREFETCHES SAME FILL-ORIGIN LEVEL: 0 DIFFERENT FILL-ORIGIN LEVEL: 0
L1D AVERAGE MISS LATENCY: 159.664 cycles
L1D RQ	ACCESS:    7159177	FORWARD:          0	MERGED:    1922267	TO_CACHE:    5107806
L1D WQ	ACCESS:    3226976	FORWARD:     129104	MERGED:      97502	TO_CACHE:    3129474

L1D UNIQUE REGIONS ACCESSED: 0
L1D REGIONS CONFLICTS: 0
L1D Cross Page Prefetch Requests: 0
L1D Same Page Prefetch Requests: 0
L1D ROI Sum of L1D PQ occupancy: 0
L1D PREFETCHES PUSHED FROM L2C: 0
L1I TOTAL     ACCESS:    4657958  HIT:    4604828  MISS:      53130  HIT %:    98.8594  MISS %:    1.14063   MPKI: 2.1252
L1I LOAD      ACCESS:    4657958  HIT:    4604828  MISS:      53130  HIT %:    98.8594  MISS %:    1.14063   MPKI: 2.1252
L1I PREFETCH  REQUESTED:          0  ISSUED:          0  USEFUL:          0  USELESS:          0
L1I USEFUL LOAD PREFETCHES:          0 PREFETCH ISSUED TO LOWER LEVEL:          0  ACCURACY: -nan
L1I TIMELY PREFETCHES:          0 LATE PREFETCHES: 0 DROPPED PREFETCHES: 0
L1I PREFETCHES SAME FILL-ORIGIN LEVEL: 0 DIFFERENT FILL-ORIGIN LEVEL: 0
L1I AVERAGE MISS LATENCY: 76.8575 cycles
L1I RQ	ACCESS:    6565996	FORWARD:          0	MERGED:    1886437	TO_CACHE:    4679559

BTB TOTAL     ACCESS:    3429096  HIT:    3275942  MISS:     153154  HIT %:    95.5337  MISS %:    4.46631   MPKI: 6.12616
BTB BRANCH_DIRECT_JUMP	ACCESS:     487279  HIT:     484673  MISS:       2606
BTB BRANCH_INDIRECT	ACCESS:      19539  HIT:       3769  MISS:      15770
BTB BRANCH_CONDITIONAL	ACCESS:    2395393  HIT:    2389650  MISS:       5743
BTB BRANCH_DIRECT_CALL	ACCESS:     107379  HIT:     103734  MISS:       3645
BTB BRANCH_INDIRECT_CALL	ACCESS:     156045  HIT:      76949  MISS:      79096
BTB BRANCH_RETURN	ACCESS:     263460  HIT:     217167  MISS:      46293
BTB BRANCH_OTHER ACCESS:          1  HIT:          0  MISS:          1

L2C TOTAL     ACCESS:     288937  HIT:     135968  MISS:     152969  HIT %:     47.058  MISS %:     52.942   MPKI: 6.11876
L2C LOAD      ACCESS:     138210  HIT:      39231  MISS:      98979  HIT %:    28.3851  MISS %:    71.6149   MPKI: 3.95916
L2C DATA LOAD MPKI: 2.836
L2C INSTRUCTION LOAD MPKI: 1.12316
L2C RFO       ACCESS:      40847  HIT:       4437  MISS:      36410  HIT %:    10.8625  MISS %:    89.1375   MPKI: 1.4564
L2C WRITEBACK ACCESS:      71809  HIT:      71553  MISS:        256  HIT %:    99.6435  MISS %:   0.356501   MPKI: 0.01024
L2C LOAD TRANSLATION ACCESS:      38071  HIT:      20747  MISS:      17324  HIT %:    54.4955  MISS %:    45.5045   MPKI: 0.69296
L2C PREFETCH  REQUESTED:          0  ISSUED:          0  USEFUL:          0  USELESS:          0
L2C USEFUL LOAD PREFETCHES:          0 PREFETCH ISSUED TO LOWER LEVEL:          0  ACCURACY: -nan
L2C TIMELY PREFETCHES:          0 LATE PREFETCHES: 0 DROPPED PREFETCHES: 0
L2C PREFETCHES SAME FILL-ORIGIN LEVEL: 0 DIFFERENT FILL-ORIGIN LEVEL: 0
L2C AVERAGE MISS LATENCY: 156.58 cycles
L2C RQ	ACCESS:     217129	FORWARD:          0	MERGED:          0	TO_CACHE:     217128
L2C WQ	ACCESS:      71809	FORWARD:          1	MERGED:          0	TO_CACHE:      71809

L2C Instructions Evicting Data 16623
L2C Translations Evicting Data 12244
L2C Data Evicting Data 75255
L2C Instructions Evicting Instructions 8448
L2C Translations Evicting Instructions 3117
L2C Data Evicting Instructions 19161
L2C Instructions Evicting Translations 3008
L2C Translations Evicting Translations 1963
L2C Data Evicting Translations 12894
L2C Dense regions hint from L2: 0
PSCL5 TOTAL     ACCESS:      23363  HIT:      23363  MISS:          0  HIT %:        100  MISS %:          0   MPKI: 0
PSCL5 LOAD TRANSLATION ACCESS:      23363  HIT:      23363  MISS:          0  HIT %:        100  MISS %:          0   MPKI: 0
PSCL5 PREFETCH  REQUESTED:          0  ISSUED:          0  USEFUL:          0  USELESS:          0
PSCL5 USEFUL LOAD PREFETCHES:          0 PREFETCH ISSUED TO LOWER LEVEL:          0  ACCURACY: -nan
PSCL5 TIMELY PREFETCHES:          0 LATE PREFETCHES: 0 DROPPED PREFETCHES: 0
PSCL5 PREFETCHES SAME FILL-ORIGIN LEVEL: 0 DIFFERENT FILL-ORIGIN LEVEL: 0

PSCL4 TOTAL     ACCESS:      22052  HIT:      21972  MISS:         80  HIT %:    99.6372  MISS %:   0.362779   MPKI: 0.0032
PSCL4 LOAD TRANSLATION ACCESS:      22052  HIT:      21972  MISS:         80  HIT %:    99.6372  MISS %:   0.362779   MPKI: 0.0032
PSCL4 PREFETCH  REQUESTED:          0  ISSUED:          0  USEFUL:          0  USELESS:          0
PSCL4 USEFUL LOAD PREFETCHES:          0 PREFETCH ISSUED TO LOWER LEVEL:          0  ACCURACY: -nan
PSCL4 TIMELY PREFETCHES:          0 LATE PREFETCHES: 0 DROPPED PREFETCHES: 0
PSCL4 PREFETCHES SAME FILL-ORIGIN LEVEL: 0 DIFFERENT FILL-ORIGIN LEVEL: 0

PSCL3 TOTAL     ACCESS:      23152  HIT:      22623  MISS:        529  HIT %:    97.7151  MISS %:     2.2849   MPKI: 0.02116
PSCL3 LOAD TRANSLATION ACCESS:      23152  HIT:      22623  MISS:        529  HIT %:    97.7151  MISS %:     2.2849   MPKI: 0.02116
PSCL3 PREFETCH  REQUESTED:          0  ISSUED:          0  USEFUL:          0  USELESS:          0
PSCL3 USEFUL LOAD PREFETCHES:          0 PREFETCH ISSUED TO LOWER LEVEL:          0  ACCURACY: -nan
PSCL3 TIMELY PREFETCHES:          0 LATE PREFETCHES: 0 DROPPED PREFETCHES: 0
PSCL3 PREFETCHES SAME FILL-ORIGIN LEVEL: 0 DIFFERENT FILL-ORIGIN LEVEL: 0

PSCL2 TOTAL     ACCESS:      23363  HIT:       9185  MISS:      14178  HIT %:    39.3143  MISS %:    60.6857   MPKI: 0.56712
PSCL2 LOAD TRANSLATION ACCESS:      23363  HIT:       9185  MISS:      14178  HIT %:    39.3143  MISS %:    60.6857   MPKI: 0.56712
PSCL2 PREFETCH  REQUESTED:          0  ISSUED:          0  USEFUL:          0  USELESS:          0
PSCL2 USEFUL LOAD PREFETCHES:          0 PREFETCH ISSUED TO LOWER LEVEL:          0  ACCURACY: -nan
PSCL2 TIMELY PREFETCHES:          0 LATE PREFETCHES: 0 DROPPED PREFETCHES: 0
PSCL2 PREFETCHES SAME FILL-ORIGIN LEVEL: 0 DIFFERENT FILL-ORIGIN LEVEL: 0

LLC TOTAL     ACCESS:     216710  HIT:      91766  MISS:     124944  HIT %:    42.3451  MISS %:    57.6549   MPKI: 4.99776
LLC LOAD      ACCESS:      98979  HIT:      20091  MISS:      78888  HIT %:    20.2982  MISS %:    79.7018   MPKI: 3.15552
LLC RFO       ACCESS:      36410  HIT:       1742  MISS:      34668  HIT %:     4.7844  MISS %:    95.2156   MPKI: 1.38672
LLC WRITEBACK ACCESS:      63997  HIT:      63941  MISS:         56  HIT %:    99.9125  MISS %:  0.0875041   MPKI: 0.00224
LLC LOAD TRANSLATION ACCESS:      17324  HIT:       5992  MISS:      11332  HIT %:    34.5879  MISS %:    65.4121   MPKI: 0.45328
LLC PREFETCH  REQUESTED:          0  ISSUED:          0  USEFUL:          0  USELESS:          0
LLC USEFUL LOAD PREFETCHES:          0 PREFETCH ISSUED TO LOWER LEVEL:          0  ACCURACY: -nan
LLC TIMELY PREFETCHES:          0 LATE PREFETCHES: 0 DROPPED PREFETCHES: 0
LLC PREFETCHES SAME FILL-ORIGIN LEVEL: 0 DIFFERENT FILL-ORIGIN LEVEL: 0
LLC AVERAGE MISS LATENCY: 154.187 cycles
LLC RQ	ACCESS:     152713	FORWARD:          0	MERGED:          0	TO_CACHE:     152713
LLC WQ	ACCESS:      63997	FORWARD:          0	MERGED:          0	TO_CACHE:      63997

LLC Dense regions hint to LLC: 0

RAW hits: 415943
Loads Generated: 7575120
Loads sent to L1D: 7159177
Stores Generated: 3226960
Stores sent to L1D: 3226976
Major fault: 0 Minor fault: 42448
Allocated PAGES: 42448

DRAM Statistics
 CHANNEL 0
 RQ ROW_BUFFER_HIT:      27018  ROW_BUFFER_MISS:      97870
 DBUS_CONGESTED:         68
 WQ ROW_BUFFER_HIT:      13711  ROW_BUFFER_MISS:      39395  FULL:          0

 AVG_CONGESTED_CYCLE: 5
 All warmup complete: 2
Channel 0 Bank busy for read cycles: 0
Channel 0 Bank busy for write cycles: 0
Channel 0
Rank 0
0banks busy for read cycles: 49633802
0banks busy for write cycles: 17915
1banks busy for read cycles: 7374949
1banks busy for write cycles: 2892099
2banks busy for read cycles: 1912293
2banks busy for write cycles: 1057032
3banks busy for read cycles: 522637
3banks busy for write cycles: 543775
4banks busy for read cycles: 177894
4banks busy for write cycles: 307943
5banks busy for read cycles: 110493
5banks busy for write cycles: 201741
6banks busy for read cycles: 75321
6banks busy for write cycles: 153559
7banks busy for read cycles: 75634
7banks busy for write cycles: 139957
8banks busy for read cycles: 127379
8banks busy for write cycles: 119183

CPU 0 Branch Prediction Accuracy: 96.6781% MPKI: 7.22532 Average ROB Occupancy at Mispredict: 37.4923
Branch types
NOT_BRANCH: 19561996 78.248%
BRANCH_DIRECT_JUMP: 487279 1.94912%
BRANCH_INDIRECT: 19539 0.078156%
BRANCH_CONDITIONAL: 4403958 17.6158%
BRANCH_DIRECT_CALL: 107379 0.429516%
BRANCH_INDIRECT_CALL: 156045 0.62418%
BRANCH_RETURN: 263460 1.05384%
BRANCH_OTHER: 1 4e-06%

DRAM PAGES: 1048576
Allocated PAGES: 42448
