
*** ChampSim Multicore Out-of-Order Simulator ***

Warmup Instructions: 25000000
Simulation Instructions: 25000000
Number of CPUs: 1
LLC sets: 2048
LLC ways: 16
Off-chip DRAM Size: 4096 MB Channels: 1 Width: 64-bit Data Rate: 6400 MT/s
CPU 0 runs /home/tamanna/Documents/cs683/PA2/cs683-pa2/traces/Trace1-001.gz
.gz
BTB has LRU replacement policy
ITLB has LRU replacement policy
DTLB has LRU replacement policy
STLB has LRU replacement policy
L1I has LRU replacement policy
L1D has LRU replacement policy
L2C has LRU replacement policy
LLC has LRU replacement policy
Heartbeat CPU 0 instructions: 10000002 cycles: 2954081 heartbeat IPC: 3.38515 cumulative IPC: 3.38515 (Simulation time: 0 hr 0 min 28 sec) 
Heartbeat CPU 0 instructions: 20000001 cycles: 5915716 heartbeat IPC: 3.37651 cumulative IPC: 3.38083 (Simulation time: 0 hr 0 min 55 sec) 

Warmup complete CPU 0 instructions: 25000004 cycles: 7350184 (Simulation time: 0 hr 1 min 5 sec) 

Heartbeat CPU 0 instructions: 30000003 cycles: 31283409 heartbeat IPC: 0.394202 cumulative IPC: 0.208915 (Simulation time: 0 hr 1 min 19 sec) 
Heartbeat CPU 0 instructions: 40000000 cycles: 71673996 heartbeat IPC: 0.247582 cumulative IPC: 0.233195 (Simulation time: 0 hr 1 min 42 sec) 
Heartbeat CPU 0 instructions: 50000000 cycles: 114975178 heartbeat IPC: 0.230941 cumulative IPC: 0.232288 (Simulation time: 0 hr 2 min 6 sec) 
Finished CPU 0 instructions: 25000000 cycles: 107624998 cumulative IPC: 0.232288 (Simulation time: 0 hr 2 min 6 sec) 

ChampSim completed all CPUs

Region of Interest Statistics

CPU 0 cumulative IPC: 0.232288 instructions: 25000000 cycles: 107624998
ITLB TOTAL     ACCESS:    3638688  HIT:    3617279  MISS:      21409  HIT %:    99.4116  MISS %:   0.588371   MPKI: 0.85636
ITLB LOAD TRANSLATION ACCESS:    3638688  HIT:    3617279  MISS:      21409  HIT %:    99.4116  MISS %:   0.588371   MPKI: 0.85636
ITLB PREFETCH  REQUESTED:          0  ISSUED:          0  USEFUL:          0  USELESS:          0
ITLB USEFUL LOAD PREFETCHES:          0 PREFETCH ISSUED TO LOWER LEVEL:          0  ACCURACY: -nan
ITLB TIMELY PREFETCHES:          0 LATE PREFETCHES: 0 DROPPED PREFETCHES: 0
ITLB PREFETCHES SAME FILL-ORIGIN LEVEL: 0 DIFFERENT FILL-ORIGIN LEVEL: 0
ITLB AVERAGE MISS LATENCY: 42.6867 cycles
ITLB RQ	ACCESS:    4549819	FORWARD:          0	MERGED:     907992	TO_CACHE:    3641827

DTLB TOTAL     ACCESS:    5919062  HIT:    5726099  MISS:     192963  HIT %:      96.74  MISS %:    3.26003   MPKI: 7.71852
DTLB LOAD TRANSLATION ACCESS:    5919062  HIT:    5726099  MISS:     192963  HIT %:      96.74  MISS %:    3.26003   MPKI: 7.71852
DTLB PREFETCH  REQUESTED:          0  ISSUED:          0  USEFUL:          0  USELESS:          0
DTLB USEFUL LOAD PREFETCHES:          0 PREFETCH ISSUED TO LOWER LEVEL:          0  ACCURACY: -nan
DTLB TIMELY PREFETCHES:          0 LATE PREFETCHES: 0 DROPPED PREFETCHES: 0
DTLB PREFETCHES SAME FILL-ORIGIN LEVEL: 0 DIFFERENT FILL-ORIGIN LEVEL: 0
DTLB AVERAGE MISS LATENCY: 78.7331 cycles
DTLB RQ	ACCESS:    7323054	FORWARD:          0	MERGED:    1366887	TO_CACHE:    5956167

STLB TOTAL     ACCESS:     214372  HIT:     142990  MISS:      71382  HIT %:    66.7018  MISS %:    33.2982   MPKI: 2.85528
STLB LOAD TRANSLATION ACCESS:     214372  HIT:     142990  MISS:      71382  HIT %:    66.7018  MISS %:    33.2982   MPKI: 2.85528
STLB PREFETCH  REQUESTED:          0  ISSUED:          0  USEFUL:          0  USELESS:          0
STLB USEFUL LOAD PREFETCHES:          0 PREFETCH ISSUED TO LOWER LEVEL:          0  ACCURACY: -nan
STLB TIMELY PREFETCHES:          0 LATE PREFETCHES: 0 DROPPED PREFETCHES: 0
STLB PREFETCHES SAME FILL-ORIGIN LEVEL: 0 DIFFERENT FILL-ORIGIN LEVEL: 0
STLB AVERAGE MISS LATENCY: 198.178 cycles
STLB RQ	ACCESS:     214372	FORWARD:          0	MERGED:          0	TO_CACHE:     214372

STLB Hit, L1D data hit: 0
STLB Hit, L2C data hit: 0
STLB Hit, LLC data hit: 0
STLB Hit, LLC data miss: 0
STLB STLB hints to L2: 0
L1D TOTAL     ACCESS:    7037624  HIT:    6658233  MISS:     379391  HIT %:    94.6091  MISS %:     5.3909   MPKI: 15.1756
L1D LOAD      ACCESS:    4276257  HIT:    4009301  MISS:     266956  HIT %:    93.7573  MISS %:    6.24275   MPKI: 10.6782
L1D RFO       ACCESS:    2761367  HIT:    2648932  MISS:     112435  HIT %:    95.9283  MISS %:    4.07172   MPKI: 4.4974
L1D PREFETCH  REQUESTED:          0  ISSUED:          0  USEFUL:          0  USELESS:          0
L1D USEFUL LOAD PREFETCHES:          0 PREFETCH ISSUED TO LOWER LEVEL:          0  ACCURACY: -nan
L1D TIMELY PREFETCHES:          0 LATE PREFETCHES: 0 DROPPED PREFETCHES: 0
L1D PREFETCHES SAME FILL-ORIGIN LEVEL: 0 DIFFERENT FILL-ORIGIN LEVEL: 0
L1D AVERAGE MISS LATENCY: 124.963 cycles
L1D RQ	ACCESS:    5844172	FORWARD:          0	MERGED:    1450405	TO_CACHE:    4316763
L1D WQ	ACCESS:    3047624	FORWARD:      77004	MERGED:      41333	TO_CACHE:    3006291

L1D UNIQUE REGIONS ACCESSED: 0
L1D REGIONS CONFLICTS: 0
L1D Cross Page Prefetch Requests: 0
L1D Same Page Prefetch Requests: 0
L1D ROI Sum of L1D PQ occupancy: 0
L1D PREFETCHES PUSHED FROM L2C: 0
L1I TOTAL     ACCESS:    4397189  HIT:    4035079  MISS:     362110  HIT %:     91.765  MISS %:    8.23503   MPKI: 14.4844
L1I LOAD      ACCESS:    4397189  HIT:    4035079  MISS:     362110  HIT %:     91.765  MISS %:    8.23503   MPKI: 14.4844
L1I PREFETCH  REQUESTED:          0  ISSUED:          0  USEFUL:          0  USELESS:          0
L1I USEFUL LOAD PREFETCHES:          0 PREFETCH ISSUED TO LOWER LEVEL:          0  ACCURACY: -nan
L1I TIMELY PREFETCHES:          0 LATE PREFETCHES: 0 DROPPED PREFETCHES: 0
L1I PREFETCHES SAME FILL-ORIGIN LEVEL: 0 DIFFERENT FILL-ORIGIN LEVEL: 0
L1I AVERAGE MISS LATENCY: 109.699 cycles
L1I RQ	ACCESS:    6255353	FORWARD:          0	MERGED:    1705534	TO_CACHE:    4549819

BTB TOTAL     ACCESS:    2029937  HIT:    1730538  MISS:     299399  HIT %:    85.2508  MISS %:    14.7492   MPKI: 11.976
BTB BRANCH_DIRECT_JUMP	ACCESS:     126163  HIT:     102446  MISS:      23717
BTB BRANCH_INDIRECT	ACCESS:      45810  HIT:      28349  MISS:      17461
BTB BRANCH_CONDITIONAL	ACCESS:    1410836  HIT:    1350768  MISS:      60068
BTB BRANCH_DIRECT_CALL	ACCESS:     192147  HIT:     136830  MISS:      55317
BTB BRANCH_INDIRECT_CALL	ACCESS:      31367  HIT:      17496  MISS:      13871
BTB BRANCH_RETURN	ACCESS:     223607  HIT:      94649  MISS:     128958
BTB BRANCH_OTHER ACCESS:          7  HIT:          0  MISS:          7

L2C TOTAL     ACCESS:    1014345  HIT:     415999  MISS:     598346  HIT %:    41.0116  MISS %:    58.9884   MPKI: 23.9338
L2C LOAD      ACCESS:     629062  HIT:     185290  MISS:     443772  HIT %:     29.455  MISS %:     70.545   MPKI: 17.7509
L2C DATA LOAD MPKI: 7.34788
L2C INSTRUCTION LOAD MPKI: 10.403
L2C RFO       ACCESS:     112434  HIT:      15557  MISS:      96877  HIT %:    13.8366  MISS %:    86.1634   MPKI: 3.87508
L2C WRITEBACK ACCESS:     155218  HIT:     154247  MISS:        971  HIT %:    99.3744  MISS %:   0.625572   MPKI: 0.03884
L2C LOAD TRANSLATION ACCESS:     117631  HIT:      60905  MISS:      56726  HIT %:    51.7763  MISS %:    48.2237   MPKI: 2.26904
L2C PREFETCH  REQUESTED:          0  ISSUED:          0  USEFUL:          0  USELESS:          0
L2C USEFUL LOAD PREFETCHES:          0 PREFETCH ISSUED TO LOWER LEVEL:          0  ACCURACY: -nan
L2C TIMELY PREFETCHES:          0 LATE PREFETCHES: 0 DROPPED PREFETCHES: 0
L2C PREFETCHES SAME FILL-ORIGIN LEVEL: 0 DIFFERENT FILL-ORIGIN LEVEL: 0
L2C AVERAGE MISS LATENCY: 140.068 cycles
L2C RQ	ACCESS:     859132	FORWARD:          0	MERGED:          0	TO_CACHE:     859127
L2C WQ	ACCESS:     155218	FORWARD:          5	MERGED:          0	TO_CACHE:     155218

L2C Instructions Evicting Data 121387
L2C Translations Evicting Data 26519
L2C Data Evicting Data 132961
L2C Instructions Evicting Instructions 114348
L2C Translations Evicting Instructions 24813
L2C Data Evicting Instructions 120418
L2C Instructions Evicting Translations 24340
L2C Translations Evicting Translations 5394
L2C Data Evicting Translations 27195
L2C Dense regions hint from L2: 0
PSCL5 TOTAL     ACCESS:      71382  HIT:      71382  MISS:          0  HIT %:        100  MISS %:          0   MPKI: 0
PSCL5 LOAD TRANSLATION ACCESS:      71382  HIT:      71382  MISS:          0  HIT %:        100  MISS %:          0   MPKI: 0
PSCL5 PREFETCH  REQUESTED:          0  ISSUED:          0  USEFUL:          0  USELESS:          0
PSCL5 USEFUL LOAD PREFETCHES:          0 PREFETCH ISSUED TO LOWER LEVEL:          0  ACCURACY: -nan
PSCL5 TIMELY PREFETCHES:          0 LATE PREFETCHES: 0 DROPPED PREFETCHES: 0
PSCL5 PREFETCHES SAME FILL-ORIGIN LEVEL: 0 DIFFERENT FILL-ORIGIN LEVEL: 0

PSCL4 TOTAL     ACCESS:      70578  HIT:      70382  MISS:        196  HIT %:    99.7223  MISS %:   0.277707   MPKI: 0.00784
PSCL4 LOAD TRANSLATION ACCESS:      70578  HIT:      70382  MISS:        196  HIT %:    99.7223  MISS %:   0.277707   MPKI: 0.00784
PSCL4 PREFETCH  REQUESTED:          0  ISSUED:          0  USEFUL:          0  USELESS:          0
PSCL4 USEFUL LOAD PREFETCHES:          0 PREFETCH ISSUED TO LOWER LEVEL:          0  ACCURACY: -nan
PSCL4 TIMELY PREFETCHES:          0 LATE PREFETCHES: 0 DROPPED PREFETCHES: 0
PSCL4 PREFETCHES SAME FILL-ORIGIN LEVEL: 0 DIFFERENT FILL-ORIGIN LEVEL: 0

PSCL3 TOTAL     ACCESS:      69943  HIT:      65834  MISS:       4109  HIT %:    94.1252  MISS %:    5.87478   MPKI: 0.16436
PSCL3 LOAD TRANSLATION ACCESS:      69943  HIT:      65834  MISS:       4109  HIT %:    94.1252  MISS %:    5.87478   MPKI: 0.16436
PSCL3 PREFETCH  REQUESTED:          0  ISSUED:          0  USEFUL:          0  USELESS:          0
PSCL3 USEFUL LOAD PREFETCHES:          0 PREFETCH ISSUED TO LOWER LEVEL:          0  ACCURACY: -nan
PSCL3 TIMELY PREFETCHES:          0 LATE PREFETCHES: 0 DROPPED PREFETCHES: 0
PSCL3 PREFETCHES SAME FILL-ORIGIN LEVEL: 0 DIFFERENT FILL-ORIGIN LEVEL: 0

PSCL2 TOTAL     ACCESS:      71382  HIT:      29170  MISS:      42212  HIT %:    40.8646  MISS %:    59.1354   MPKI: 1.68848
PSCL2 LOAD TRANSLATION ACCESS:      71382  HIT:      29170  MISS:      42212  HIT %:    40.8646  MISS %:    59.1354   MPKI: 1.68848
PSCL2 PREFETCH  REQUESTED:          0  ISSUED:          0  USEFUL:          0  USELESS:          0
PSCL2 USEFUL LOAD PREFETCHES:          0 PREFETCH ISSUED TO LOWER LEVEL:          0  ACCURACY: -nan
PSCL2 TIMELY PREFETCHES:          0 LATE PREFETCHES: 0 DROPPED PREFETCHES: 0
PSCL2 PREFETCHES SAME FILL-ORIGIN LEVEL: 0 DIFFERENT FILL-ORIGIN LEVEL: 0

LLC TOTAL     ACCESS:     728336  HIT:     299362  MISS:     428974  HIT %:    41.1022  MISS %:    58.8978   MPKI: 17.159
LLC LOAD      ACCESS:     443771  HIT:     137320  MISS:     306451  HIT %:    30.9439  MISS %:    69.0561   MPKI: 12.258
LLC RFO       ACCESS:      96877  HIT:       8430  MISS:      88447  HIT %:    8.70176  MISS %:    91.2982   MPKI: 3.53788
LLC WRITEBACK ACCESS:     130962  HIT:     130795  MISS:        167  HIT %:    99.8725  MISS %:   0.127518   MPKI: 0.00668
LLC LOAD TRANSLATION ACCESS:      56726  HIT:      22817  MISS:      33909  HIT %:    40.2232  MISS %:    59.7768   MPKI: 1.35636
LLC PREFETCH  REQUESTED:          0  ISSUED:          0  USEFUL:          0  USELESS:          0
LLC USEFUL LOAD PREFETCHES:          0 PREFETCH ISSUED TO LOWER LEVEL:          0  ACCURACY: -nan
LLC TIMELY PREFETCHES:          0 LATE PREFETCHES: 0 DROPPED PREFETCHES: 0
LLC PREFETCHES SAME FILL-ORIGIN LEVEL: 0 DIFFERENT FILL-ORIGIN LEVEL: 0
LLC AVERAGE MISS LATENCY: 152.929 cycles
LLC RQ	ACCESS:     597375	FORWARD:          0	MERGED:          0	TO_CACHE:     597374
LLC WQ	ACCESS:     130962	FORWARD:          1	MERGED:          0	TO_CACHE:     130962

LLC Dense regions hint to LLC: 0

RAW hits: 198729
Loads Generated: 6042902
Loads sent to L1D: 5844172
Stores Generated: 3047659
Stores sent to L1D: 3047660
Major fault: 0 Minor fault: 45579
Allocated PAGES: 45579

DRAM Statistics
 CHANNEL 0
 RQ ROW_BUFFER_HIT:      94768  ROW_BUFFER_MISS:     334038
 DBUS_CONGESTED:        250
 WQ ROW_BUFFER_HIT:      42926  ROW_BUFFER_MISS:      70501  FULL:          0

 AVG_CONGESTED_CYCLE: 4
 All warmup complete: 2
Channel 0 Bank busy for read cycles: 0
Channel 0 Bank busy for write cycles: 0
Channel 0
Rank 0
0banks busy for read cycles: 48623423
0banks busy for write cycles: 51396
1banks busy for read cycles: 33236953
1banks busy for write cycles: 9939227
2banks busy for read cycles: 6811059
2banks busy for write cycles: 3624729
3banks busy for read cycles: 1126377
3banks busy for write cycles: 1540991
4banks busy for read cycles: 325965
4banks busy for write cycles: 760029
5banks busy for read cycles: 171698
5banks busy for write cycles: 422976
6banks busy for read cycles: 128851
6banks busy for write cycles: 259715
7banks busy for read cycles: 78873
7banks busy for write cycles: 177358
8banks busy for read cycles: 140067
8banks busy for write cycles: 205312

CPU 0 Branch Prediction Accuracy: 91.1975% MPKI: 16.1264 Average ROB Occupancy at Mispredict: 14.1306
Branch types
NOT_BRANCH: 20419575 81.6783%
BRANCH_DIRECT_JUMP: 126163 0.504652%
BRANCH_INDIRECT: 45810 0.18324%
BRANCH_CONDITIONAL: 3960982 15.8439%
BRANCH_DIRECT_CALL: 192147 0.768588%
BRANCH_INDIRECT_CALL: 31367 0.125468%
BRANCH_RETURN: 223607 0.894428%
BRANCH_OTHER: 7 2.8e-05%

DRAM PAGES: 1048576
Allocated PAGES: 45579
