
*** ChampSim Multicore Out-of-Order Simulator ***

Warmup Instructions: 25000000
Simulation Instructions: 25000000
Number of CPUs: 1
LLC sets: 2048
LLC ways: 16
Off-chip DRAM Size: 4096 MB Channels: 1 Width: 64-bit Data Rate: 6400 MT/s
CPU 0 runs /home/tamanna/Documents/cs683/PA2/cs683-pa2/traces/Trace2-002.gz
.gz
BTB has LRU replacement policy
ITLB has LRU replacement policy
DTLB has LRU replacement policy
STLB has LRU replacement policy
L1I has LRU replacement policy
L1D has LRU replacement policy
L2C has LRU replacement policy
LLC has LRU replacement policy
Heartbeat CPU 0 instructions: 10000000 cycles: 2974018 heartbeat IPC: 3.36245 cumulative IPC: 3.36245 (Simulation time: 0 hr 0 min 29 sec) 
Heartbeat CPU 0 instructions: 20000001 cycles: 5829089 heartbeat IPC: 3.50254 cumulative IPC: 3.43107 (Simulation time: 0 hr 0 min 58 sec) 

Warmup complete CPU 0 instructions: 25000002 cycles: 7248753 (Simulation time: 0 hr 1 min 8 sec) 

Heartbeat CPU 0 instructions: 30000000 cycles: 26586465 heartbeat IPC: 0.481756 cumulative IPC: 0.258562 (Simulation time: 0 hr 1 min 22 sec) 
Heartbeat CPU 0 instructions: 40000002 cycles: 61531612 heartbeat IPC: 0.286163 cumulative IPC: 0.27633 (Simulation time: 0 hr 1 min 45 sec) 
Heartbeat CPU 0 instructions: 50000000 cycles: 106994397 heartbeat IPC: 0.21996 cumulative IPC: 0.250638 (Simulation time: 0 hr 2 min 8 sec) 
Finished CPU 0 instructions: 25000001 cycles: 99745645 cumulative IPC: 0.250638 (Simulation time: 0 hr 2 min 8 sec) 

ChampSim completed all CPUs

Region of Interest Statistics

CPU 0 cumulative IPC: 0.250638 instructions: 25000001 cycles: 99745645
ITLB TOTAL     ACCESS:    3953310  HIT:    3881287  MISS:      72023  HIT %:    98.1782  MISS %:    1.82184   MPKI: 2.88092
ITLB LOAD TRANSLATION ACCESS:    3953310  HIT:    3881287  MISS:      72023  HIT %:    98.1782  MISS %:    1.82184   MPKI: 2.88092
ITLB PREFETCH  REQUESTED:          0  ISSUED:          0  USEFUL:          0  USELESS:          0
ITLB USEFUL LOAD PREFETCHES:          0 PREFETCH ISSUED TO LOWER LEVEL:          0  ACCURACY: -nan
ITLB TIMELY PREFETCHES:          0 LATE PREFETCHES: 0 DROPPED PREFETCHES: 0
ITLB PREFETCHES SAME FILL-ORIGIN LEVEL: 0 DIFFERENT FILL-ORIGIN LEVEL: 0
ITLB AVERAGE MISS LATENCY: 24.068 cycles
ITLB RQ	ACCESS:    4835167	FORWARD:          0	MERGED:     869210	TO_CACHE:    3965957

DTLB TOTAL     ACCESS:    6291400  HIT:    5969415  MISS:     321985  HIT %:    94.8821  MISS %:    5.11786   MPKI: 12.8794
DTLB LOAD TRANSLATION ACCESS:    6291400  HIT:    5969415  MISS:     321985  HIT %:    94.8821  MISS %:    5.11786   MPKI: 12.8794
DTLB PREFETCH  REQUESTED:          0  ISSUED:          0  USEFUL:          0  USELESS:          0
DTLB USEFUL LOAD PREFETCHES:          0 PREFETCH ISSUED TO LOWER LEVEL:          0  ACCURACY: -nan
DTLB TIMELY PREFETCHES:          0 LATE PREFETCHES: 0 DROPPED PREFETCHES: 0
DTLB PREFETCHES SAME FILL-ORIGIN LEVEL: 0 DIFFERENT FILL-ORIGIN LEVEL: 0
DTLB AVERAGE MISS LATENCY: 41.7125 cycles
DTLB RQ	ACCESS:    7737250	FORWARD:          0	MERGED:    1404825	TO_CACHE:    6332425

STLB TOTAL     ACCESS:     394008  HIT:     325841  MISS:      68167  HIT %:    82.6991  MISS %:    17.3009   MPKI: 2.72668
STLB LOAD TRANSLATION ACCESS:     394008  HIT:     325841  MISS:      68167  HIT %:    82.6991  MISS %:    17.3009   MPKI: 2.72668
STLB PREFETCH  REQUESTED:          0  ISSUED:          0  USEFUL:          0  USELESS:          0
STLB USEFUL LOAD PREFETCHES:          0 PREFETCH ISSUED TO LOWER LEVEL:          0  ACCURACY: -nan
STLB TIMELY PREFETCHES:          0 LATE PREFETCHES: 0 DROPPED PREFETCHES: 0
STLB PREFETCHES SAME FILL-ORIGIN LEVEL: 0 DIFFERENT FILL-ORIGIN LEVEL: 0
STLB AVERAGE MISS LATENCY: 169.754 cycles
STLB RQ	ACCESS:     394008	FORWARD:          0	MERGED:          0	TO_CACHE:     394008

STLB Hit, L1D data hit: 0
STLB Hit, L2C data hit: 0
STLB Hit, LLC data hit: 0
STLB Hit, LLC data miss: 0
STLB STLB hints to L2: 0
L1D TOTAL     ACCESS:    7412547  HIT:    6944195  MISS:     468352  HIT %:    93.6816  MISS %:    6.31837   MPKI: 18.7341
L1D LOAD      ACCESS:    4311830  HIT:    3973422  MISS:     338408  HIT %:    92.1516  MISS %:    7.84836   MPKI: 13.5363
L1D RFO       ACCESS:    3100717  HIT:    2970773  MISS:     129944  HIT %:    95.8092  MISS %:    4.19077   MPKI: 5.19776
L1D PREFETCH  REQUESTED:          0  ISSUED:          0  USEFUL:          0  USELESS:          0
L1D USEFUL LOAD PREFETCHES:          0 PREFETCH ISSUED TO LOWER LEVEL:          0  ACCURACY: -nan
L1D TIMELY PREFETCHES:          0 LATE PREFETCHES: 0 DROPPED PREFETCHES: 0
L1D PREFETCHES SAME FILL-ORIGIN LEVEL: 0 DIFFERENT FILL-ORIGIN LEVEL: 0
L1D AVERAGE MISS LATENCY: 104.348 cycles
L1D RQ	ACCESS:    5764232	FORWARD:          0	MERGED:    1304625	TO_CACHE:    4354268
L1D WQ	ACCESS:    3430198	FORWARD:     105339	MERGED:      47216	TO_CACHE:    3382982

L1D UNIQUE REGIONS ACCESSED: 0
L1D REGIONS CONFLICTS: 0
L1D Cross Page Prefetch Requests: 0
L1D Same Page Prefetch Requests: 0
L1D ROI Sum of L1D PQ occupancy: 0
L1D PREFETCHES PUSHED FROM L2C: 0
L1I TOTAL     ACCESS:    4381298  HIT:    3380712  MISS:    1000586  HIT %:    77.1623  MISS %:    22.8377   MPKI: 40.0234
L1I LOAD      ACCESS:    4381298  HIT:    3380712  MISS:    1000586  HIT %:    77.1623  MISS %:    22.8377   MPKI: 40.0234
L1I PREFETCH  REQUESTED:          0  ISSUED:          0  USEFUL:          0  USELESS:          0
L1I USEFUL LOAD PREFETCHES:          0 PREFETCH ISSUED TO LOWER LEVEL:          0  ACCURACY: -nan
L1I TIMELY PREFETCHES:          0 LATE PREFETCHES: 0 DROPPED PREFETCHES: 0
L1I PREFETCHES SAME FILL-ORIGIN LEVEL: 0 DIFFERENT FILL-ORIGIN LEVEL: 0
L1I AVERAGE MISS LATENCY: 40.7911 cycles
L1I RQ	ACCESS:    6616440	FORWARD:          0	MERGED:    1781273	TO_CACHE:    4835167

BTB TOTAL     ACCESS:    2374453  HIT:    1885269  MISS:     489184  HIT %:     79.398  MISS %:     20.602   MPKI: 19.5674
BTB BRANCH_DIRECT_JUMP	ACCESS:     382447  HIT:     266751  MISS:     115696
BTB BRANCH_INDIRECT	ACCESS:      26284  HIT:      15034  MISS:      11250
BTB BRANCH_CONDITIONAL	ACCESS:    1419497  HIT:    1339647  MISS:      79850
BTB BRANCH_DIRECT_CALL	ACCESS:     241009  HIT:     172489  MISS:      68520
BTB BRANCH_INDIRECT_CALL	ACCESS:      31642  HIT:      19335  MISS:      12307
BTB BRANCH_RETURN	ACCESS:     273154  HIT:      71753  MISS:     201401
BTB BRANCH_OTHER ACCESS:        420  HIT:        260  MISS:        160

L2C TOTAL     ACCESS:    1788491  HIT:     931006  MISS:     857485  HIT %:    52.0554  MISS %:    47.9446   MPKI: 34.2994
L2C LOAD      ACCESS:    1338991  HIT:     633277  MISS:     705714  HIT %:    47.2951  MISS %:    52.7049   MPKI: 28.2286
L2C DATA LOAD MPKI: 8.6988
L2C INSTRUCTION LOAD MPKI: 19.5298
L2C RFO       ACCESS:     129942  HIT:      41484  MISS:      88458  HIT %:     31.925  MISS %:     68.075   MPKI: 3.53832
L2C WRITEBACK ACCESS:     206033  HIT:     199153  MISS:       6880  HIT %:    96.6607  MISS %:    3.33927   MPKI: 0.2752
L2C LOAD TRANSLATION ACCESS:     113525  HIT:      57092  MISS:      56433  HIT %:    50.2902  MISS %:    49.7098   MPKI: 2.25732
L2C PREFETCH  REQUESTED:          0  ISSUED:          0  USEFUL:          0  USELESS:          0
L2C USEFUL LOAD PREFETCHES:          0 PREFETCH ISSUED TO LOWER LEVEL:          0  ACCURACY: -nan
L2C TIMELY PREFETCHES:          0 LATE PREFETCHES: 0 DROPPED PREFETCHES: 0
L2C PREFETCHES SAME FILL-ORIGIN LEVEL: 0 DIFFERENT FILL-ORIGIN LEVEL: 0
L2C AVERAGE MISS LATENCY: 87.6795 cycles
L2C RQ	ACCESS:    1582463	FORWARD:          0	MERGED:          0	TO_CACHE:    1582458
L2C WQ	ACCESS:     206033	FORWARD:          5	MERGED:          0	TO_CACHE:     206033

L2C Instructions Evicting Data 150664
L2C Translations Evicting Data 23804
L2C Data Evicting Data 141966
L2C Instructions Evicting Instructions 308948
L2C Translations Evicting Instructions 28174
L2C Data Evicting Instructions 141766
L2C Instructions Evicting Translations 28632
L2C Translations Evicting Translations 4455
L2C Data Evicting Translations 22196
L2C Dense regions hint from L2: 0
PSCL5 TOTAL     ACCESS:      68167  HIT:      68167  MISS:          0  HIT %:        100  MISS %:          0   MPKI: 0
PSCL5 LOAD TRANSLATION ACCESS:      68167  HIT:      68167  MISS:          0  HIT %:        100  MISS %:          0   MPKI: 0
PSCL5 PREFETCH  REQUESTED:          0  ISSUED:          0  USEFUL:          0  USELESS:          0
PSCL5 USEFUL LOAD PREFETCHES:          0 PREFETCH ISSUED TO LOWER LEVEL:          0  ACCURACY: -nan
PSCL5 TIMELY PREFETCHES:          0 LATE PREFETCHES: 0 DROPPED PREFETCHES: 0
PSCL5 PREFETCHES SAME FILL-ORIGIN LEVEL: 0 DIFFERENT FILL-ORIGIN LEVEL: 0

PSCL4 TOTAL     ACCESS:      50824  HIT:      50459  MISS:        365  HIT %:    99.2818  MISS %:   0.718165   MPKI: 0.0146
PSCL4 LOAD TRANSLATION ACCESS:      50824  HIT:      50459  MISS:        365  HIT %:    99.2818  MISS %:   0.718165   MPKI: 0.0146
PSCL4 PREFETCH  REQUESTED:          0  ISSUED:          0  USEFUL:          0  USELESS:          0
PSCL4 USEFUL LOAD PREFETCHES:          0 PREFETCH ISSUED TO LOWER LEVEL:          0  ACCURACY: -nan
PSCL4 TIMELY PREFETCHES:          0 LATE PREFETCHES: 0 DROPPED PREFETCHES: 0
PSCL4 PREFETCHES SAME FILL-ORIGIN LEVEL: 0 DIFFERENT FILL-ORIGIN LEVEL: 0

PSCL3 TOTAL     ACCESS:      67938  HIT:      66552  MISS:       1386  HIT %:    97.9599  MISS %:     2.0401   MPKI: 0.05544
PSCL3 LOAD TRANSLATION ACCESS:      67938  HIT:      66552  MISS:       1386  HIT %:    97.9599  MISS %:     2.0401   MPKI: 0.05544
PSCL3 PREFETCH  REQUESTED:          0  ISSUED:          0  USEFUL:          0  USELESS:          0
PSCL3 USEFUL LOAD PREFETCHES:          0 PREFETCH ISSUED TO LOWER LEVEL:          0  ACCURACY: -nan
PSCL3 TIMELY PREFETCHES:          0 LATE PREFETCHES: 0 DROPPED PREFETCHES: 0
PSCL3 PREFETCHES SAME FILL-ORIGIN LEVEL: 0 DIFFERENT FILL-ORIGIN LEVEL: 0

PSCL2 TOTAL     ACCESS:      68167  HIT:      24211  MISS:      43956  HIT %:    35.5172  MISS %:    64.4828   MPKI: 1.75824
PSCL2 LOAD TRANSLATION ACCESS:      68167  HIT:      24211  MISS:      43956  HIT %:    35.5172  MISS %:    64.4828   MPKI: 1.75824
PSCL2 PREFETCH  REQUESTED:          0  ISSUED:          0  USEFUL:          0  USELESS:          0
PSCL2 USEFUL LOAD PREFETCHES:          0 PREFETCH ISSUED TO LOWER LEVEL:          0  ACCURACY: -nan
PSCL2 TIMELY PREFETCHES:          0 LATE PREFETCHES: 0 DROPPED PREFETCHES: 0
PSCL2 PREFETCHES SAME FILL-ORIGIN LEVEL: 0 DIFFERENT FILL-ORIGIN LEVEL: 0

LLC TOTAL     ACCESS:     993307  HIT:     688370  MISS:     304937  HIT %:    69.3008  MISS %:    30.6992   MPKI: 12.1975
LLC LOAD      ACCESS:     705709  HIT:     501264  MISS:     204445  HIT %:    71.0298  MISS %:    28.9702   MPKI: 8.1778
LLC RFO       ACCESS:      88457  HIT:      17970  MISS:      70487  HIT %:     20.315  MISS %:     79.685   MPKI: 2.81948
LLC WRITEBACK ACCESS:     142708  HIT:     142373  MISS:        335  HIT %:    99.7653  MISS %:   0.234745   MPKI: 0.0134
LLC LOAD TRANSLATION ACCESS:      56433  HIT:      26763  MISS:      29670  HIT %:    47.4244  MISS %:    52.5756   MPKI: 1.1868
LLC PREFETCH  REQUESTED:          0  ISSUED:          0  USEFUL:          0  USELESS:          0
LLC USEFUL LOAD PREFETCHES:          0 PREFETCH ISSUED TO LOWER LEVEL:          0  ACCURACY: -nan
LLC TIMELY PREFETCHES:          0 LATE PREFETCHES: 0 DROPPED PREFETCHES: 0
LLC PREFETCHES SAME FILL-ORIGIN LEVEL: 0 DIFFERENT FILL-ORIGIN LEVEL: 0
LLC AVERAGE MISS LATENCY: 161.863 cycles
LLC RQ	ACCESS:     850605	FORWARD:          0	MERGED:          0	TO_CACHE:     850599
LLC WQ	ACCESS:     142708	FORWARD:          6	MERGED:          0	TO_CACHE:     142708

LLC Dense regions hint to LLC: 0

RAW hits: 193841
Loads Generated: 5958075
Loads sent to L1D: 5764232
Stores Generated: 3430196
Stores sent to L1D: 3430198
Major fault: 0 Minor fault: 45010
Allocated PAGES: 45010

DRAM Statistics
 CHANNEL 0
 RQ ROW_BUFFER_HIT:      40747  ROW_BUFFER_MISS:     263855
 DBUS_CONGESTED:        101
 WQ ROW_BUFFER_HIT:      32794  ROW_BUFFER_MISS:      75413  FULL:          0

 AVG_CONGESTED_CYCLE: 4
 All warmup complete: 2
Channel 0 Bank busy for read cycles: 0
Channel 0 Bank busy for write cycles: 0
Channel 0
Rank 0
0banks busy for read cycles: 54601226
0banks busy for write cycles: 46027
1banks busy for read cycles: 23899330
1banks busy for write cycles: 8002508
2banks busy for read cycles: 5311899
2banks busy for write cycles: 3083371
3banks busy for read cycles: 1264875
3banks busy for write cycles: 1348762
4banks busy for read cycles: 380963
4banks busy for write cycles: 681548
5banks busy for read cycles: 141953
5banks busy for write cycles: 370096
6banks busy for read cycles: 70171
6banks busy for write cycles: 224865
7banks busy for read cycles: 26141
7banks busy for write cycles: 127836
8banks busy for read cycles: 57988
8banks busy for write cycles: 106087

CPU 0 Branch Prediction Accuracy: 96.8224% MPKI: 6.31212 Average ROB Occupancy at Mispredict: 12.503
Branch types
NOT_BRANCH: 20033560 80.1342%
BRANCH_DIRECT_JUMP: 382447 1.52979%
BRANCH_INDIRECT: 26284 0.105136%
BRANCH_CONDITIONAL: 4011162 16.0446%
BRANCH_DIRECT_CALL: 241009 0.964036%
BRANCH_INDIRECT_CALL: 31642 0.126568%
BRANCH_RETURN: 273154 1.09262%
BRANCH_OTHER: 420 0.00168%

DRAM PAGES: 1048576
Allocated PAGES: 45010
